鈹? [36mBuilding Nuxt for production...[39m
鈹?鈼? [32mNuxt [1m4.4.4[22m[39m[90m (with [39m[90mNitro [1m2.13.4[22m[39m[90m, Vite [1m7.3.3[22m[39m[90m and Vue [1m3.5.34[22m[39m[90m)[39m
鈹?鈼? Nitro preset: [36mnode-server[39m
[36m鈩?[39m Building client...
[36m鈩?[39m [36mvite v7.3.3 [32mbuilding client environment for production...[36m[39m
node.exe : 
所在位置 行:1 字符: 1
+ & "D:\Program Files\nodejs/node.exe" "D:\Program Files\nodejs/node_mo ...
+ ~~~~~~~~~~~~~~~~~~~~~~~~~~~~~~~~~~~~~~~~~~~~~~~~~~~~~~~~~~~~~~~~~~~~~
    + CategoryInfo          : NotSpecified: (:String) [], RemoteException
    + FullyQualifiedErrorId : NativeCommandError
 
[43m[30m WARN [39m[49m [33m[plugin nuxt:module-preload-polyfill] Sourcemap is likely to be incorrect: a plugin (nu
xt:module-preload-polyfill) was used to transform files, but didn't generate a sourcemap for the transformation. Consul
t the plugin documentation for help[39m

[36m鈩?[39m transforming...
[36m鈩?[39m [32m鉁?[39m 4876 modules transformed.
[36m鈩?[39m rendering chunks...
[36m鈩?[39m computing gzip size...
[36m鈩?[39m [2m../node_modules/.cache/nuxt/.nuxt/dist/client/[22m[32m_nuxt/login-bg.zwYZ-vP5.png                   [39m[1m[2m    9.74 kB[22m[1m[22m
[36m鈩?[39m [2m../node_modules/.cache/nuxt/.nuxt/dist/client/[22m[32m_nuxt/filing.DzUIhgta.png                     [39m[1m[2m   19.26 kB[22m[1m[22m
[36m鈩?[39m [2m../node_modules/.cache/nuxt/.nuxt/dist/client/[22m[32mmanifest.json                                 [39m[1m[2m   69.53 kB[22m[1m[22m[2m 鈹?gzip:   7.81 kB[22m
[36m鈩?[39m [2m../node_modules/.cache/nuxt/.nuxt/dist/client/[22m[32m_nuxt/HarmonyOS_Sans_SC_Regular.DdsgBYS9.ttf  [39m[1m[2m8,261.13 kB[22m[1m[22m
[36m鈩?[39m [2m../node_modules/.cache/nuxt/.nuxt/dist/client/[22m[35m_nuxt/_id_.tn0RQdqM.css                       [39m[1m[2m    0.00 kB[22m[1m[22m[2m 鈹?gzip:   0.02 kB[22m
[36m鈩?[39m [2m../node_modules/.cache/nuxt/.nuxt/dist/client/[22m[35m_nuxt/setting.CGKjkKjy.css                    [39m[1m[2m    0.06 kB[22m[1m[22m[2m 鈹?gzip:   0.08 kB[22m
[36m鈩?[39m [2m../node_modules/.cache/nuxt/.nuxt/dist/client/[22m[35m_nuxt/scroll.WgZzSGGz.css                     [39m[1m[2m    0.08 kB[22m[1m[22m[2m 鈹?gzip:   0.08 kB[22m
[36m鈩?[39m [2m../node_modules/.cache/nuxt/.nuxt/dist/client/[22m[35m_nuxt/login.jryRAF6K.css                      [39m[1m[2m    0.12 kB[22m[1m[22m[2m 鈹?gzip:   0.12 kB[22m
[36m鈩?[39m [2m../node_modules/.cache/nuxt/.nuxt/dist/client/[22m[35m_nuxt/PartitionSelector.hVXxgLPd.css          [39m[1m[2m    0.15 kB[22m[1m[22m[2m 鈹?gzip:   0.13 kB[22m
[36m鈩?[39m [2m../node_modules/.cache/nuxt/.nuxt/dist/client/[22m[35m_nuxt/el-overlay.Db7iXMEX.css                 [39m[1m[2m    0.16 kB[22m[1m[22m[2m 鈹?gzip:   0.14 kB[22m
[36m鈩?[39m [2m../node_modules/.cache/nuxt/.nuxt/dist/client/[22m[35m_nuxt/playlist-edit.BUox0MAb.css              [39m[1m[2m    0.28 kB[22m[1m[22m[2m 鈹?gzip:   0.19 kB[22m
[36m鈩?[39m [2m../node_modules/.cache/nuxt/.nuxt/dist/client/[22m[35m_nuxt/history.BzTGKOff.css                    [39m[1m[2m    0.34 kB[22m[1m[22m[2m 鈹?gzip:   0.19 kB[22m
[36m鈩?[39m [2m../node_modules/.cache/nuxt/.nuxt/dist/client/[22m[35m_nuxt/video.DicGVzWw.css                      [39m[1m[2m    0.48 kB[22m[1m[22m[2m 鈹?gzip:   0.28 kB[22m
[36m鈩?[39m [2m../node_modules/.cache/nuxt/.nuxt/dist/client/[22m[35m_nuxt/VideoUploader.B4W_SoEM.css              [39m[1m[2m    0.54 kB[22m[1m[22m[2m 鈹?gzip:   0.23 kB[22m
[36m鈩?[39m [2m../node_modules/.cache/nuxt/.nuxt/dist/client/[22m[35m_nuxt/CoverCropper.olHKPJgK.css               [39m[1m[2m    0.63 kB[22m[1m[22m[2m 鈹?gzip:   0.28 kB[22m
[36m鈩?[39m [2m../node_modules/.cache/nuxt/.nuxt/dist/client/[22m[35m_nuxt/404.rS4flIPj.css                        [39m[1m[2m    0.65 kB[22m[1m[22m[2m 鈹?gzip:   0.27 kB[22m
[36m鈩?[39m [2m../node_modules/.cache/nuxt/.nuxt/dist/client/[22m[35m_nuxt/index.8zQufy_j.css                      [39m[1m[2m    0.66 kB[22m[1m[22m[2m 鈹?gzip:   0.26 kB[22m
[36m鈩?[39m [2m../node_modules/.cache/nuxt/.nuxt/dist/client/[22m[35m_nuxt/CoverUploader.ByTEeEZJ.css              [39m[1m[2m    0.76 kB[22m[1m[22m[2m 鈹?gzip:   0.32 kB[22m
[36m鈩?[39m [2m../node_modules/.cache/nuxt/.nuxt/dist/client/[22m[35m_nuxt/ArchiveInfo.Dy3-YX4o.css                [39m[1m[2m    0.82 kB[22m[1m[22m[2m 鈹?gzip:   0.41 kB[22m
[36m鈩?[39m [2m../node_modules/.cache/nuxt/.nuxt/dist/client/[22m[35m_nuxt/AuthorCard.BYIPrndr.css                 [39m[1m[2m    0.84 kB[22m[1m[22m[2m 鈹?gzip:   0.37 kB[22m
[36m鈩?[39m [2m../node_modules/.cache/nuxt/.nuxt/dist/client/[22m[35m_nuxt/_...D_CoxBDY.css                        [39m[1m[2m    0.85 kB[22m[1m[22m[2m 鈹?gzip:   0.32 kB[22m
[36m鈩?[39m [2m../node_modules/.cache/nuxt/.nuxt/dist/client/[22m[35m_nuxt/security.B9vAkstY.css                   [39m[1m[2m    0.87 kB[22m[1m[22m[2m 鈹?gzip:   0.31 kB[22m
[36m鈩?[39m [2m../node_modules/.cache/nuxt/.nuxt/dist/client/[22m[35m_nuxt/ResourceSubtitleEditor.BB-p-uKL.css     [39m[1m[2m    0.89 kB[22m[1m[22m[2m 鈹?gzip:   0.35 kB[22m
[36m鈩?[39m [2m../node_modules/.cache/nuxt/.nuxt/dist/client/[22m[35m_nuxt/TextEditor.MwPEY8zY.css                 [39m[1m[2m    0.96 kB[22m[1m[22m[2m 鈹?gzip:   0.21 kB[22m
[36m鈩?[39m [2m../node_modules/.cache/nuxt/.nuxt/dist/client/[22m[35m_nuxt/index.CFUJ6S5X.css                      [39m[1m[2m    0.99 kB[22m[1m[22m[2m 鈹?gzip:   0.41 kB[22m
[36m鈩?[39m [2m../node_modules/.cache/nuxt/.nuxt/dist/client/[22m[35m_nuxt/_partition_.BLETdXrD.css                [39m[1m[2m    1.18 kB[22m[1m[22m[2m 鈹?gzip:   0.46 kB[22m
[36m鈩?[39m [2m../node_modules/.cache/nuxt/.nuxt/dist/client/[22m[35m_nuxt/announce.BFbuBKKA.css                   [39m[1m[2m    1.23 kB[22m[1m[22m[2m 鈹?gzip:   0.42 kB[22m
[36m鈩?[39m [2m../node_modules/.cache/nuxt/.nuxt/dist/client/[22m[35m_nuxt/UploadVideoInfo.DiCrpCXO.css            [39m[1m[2m    1.25 kB[22m[1m[22m[2m 鈹?gzip:   0.48 kB[22m
[36m鈩?[39m [2m../node_modules/.cache/nuxt/.nuxt/dist/client/[22m[35m_nuxt/message.DJ4qybcU.css                    [39m[1m[2m    1.26 kB[22m[1m[22m[2m 鈹?gzip:   0.46 kB[22m
[36m鈩?[39m [2m../node_modules/.cache/nuxt/.nuxt/dist/client/[22m[35m_nuxt/el-scrollbar.BWxh-h6K.css               [39m[1m[2m    1.33 kB[22m[1m[22m[2m 鈹?gzip:   0.44 kB[22m
[36m鈩?[39m [2m../node_modules/.cache/nuxt/.nuxt/dist/client/[22m[35m_nuxt/upload.5hEG7PJF.css                     [39m[1m[2m    1.35 kB[22m[1m[22m[2m 鈹?gzip:   0.46 kB[22m
[36m鈩?[39m [2m../node_modules/.cache/nuxt/.nuxt/dist/client/[22m[35m_nuxt/manuscript.Bppn67vs.css                 [39m[1m[2m    1.46 kB[22m[1m[22m[2m 鈹?gzip:   0.50 kB[22m
[36m鈩?[39m [2m../node_modules/.cache/nuxt/.nuxt/dist/client/[22m[35m_nuxt/VideoItem.xzBm5qjh.css                  [39m[1m[2m    1.48 kB[22m[1m[22m[2m 鈹?gzip:   0.51 kB[22m
[36m鈩?[39m [2m../node_modules/.cache/nuxt/.nuxt/dist/client/[22m[35m_nuxt/el-popover.Dtxj3CUF.css                 [39m[1m[2m    1.50 kB[22m[1m[22m[2m 鈹?gzip:   0.48 kB[22m
[36m鈩?[39m [2m../node_modules/.cache/nuxt/.nuxt/dist/client/[22m[35m_nuxt/ArchiveInfo.pCUumk8z.css                [39m[1m[2m    1.50 kB[22m[1m[22m[2m 鈹?gzip:   0.54 kB[22m
[36m鈩?[39m [2m../node_modules/.cache/nuxt/.nuxt/dist/client/[22m[35m_nuxt/collection.BA0yYIeB.css                 [39m[1m[2m    1.52 kB[22m[1m[22m[2m 鈹?gzip:   0.46 kB[22m
[36m鈩?[39m [2m../node_modules/.cache/nuxt/.nuxt/dist/client/[22m[35m_nuxt/el-skeleton-item.BLY1jEuR.css           [39m[1m[2m    1.58 kB[22m[1m[22m[2m 鈹?gzip:   0.54 kB[22m
[36m鈩?[39m [2m../node_modules/.cache/nuxt/.nuxt/dist/client/[22m[35m_nuxt/manuscript.O5ERezz-.css                 [39m[1m[2m    1.62 kB[22m[1m[22m[2m 鈹?gzip:   0.53 kB[22m
[36m鈩?[39m [2m../node_modules/.cache/nuxt/.nuxt/dist/client/[22m[35m_nuxt/HistoryVideoList.CqOF35U2.css           [39m[1m[2m    1.62 kB[22m[1m[22m[2m 鈹?gzip:   0.53 kB[22m
[36m鈩?[39m [2m../node_modules/.cache/nuxt/.nuxt/dist/client/[22m[35m_nuxt/PGCRecommendList.DbZIZH2t.css           [39m[1m[2m    1.66 kB[22m[1m[22m[2m 鈹?gzip:   0.53 kB[22m
[36m鈩?[39m [2m../node_modules/.cache/nuxt/.nuxt/dist/client/[22m[35m_nuxt/AuthorCard.BB81W9k4.css                 [39m[1m[2m    1.68 kB[22m[1m[22m[2m 鈹?gzip:   0.57 kB[22m
[36m鈩?[39m [2m../node_modules/.cache/nuxt/.nuxt/dist/client/[22m[35m_nuxt/at.DwBP2ajl.css                         [39m[1m[2m    1.75 kB[22m[1m[22m[2m 鈹?gzip:   0.54 kB[22m
[36m鈩?[39m [2m../node_modules/.cache/nuxt/.nuxt/dist/client/[22m[35m_nuxt/like.DqMq13kz.css                       [39m[1m[2m    1.83 kB[22m[1m[22m[2m 鈹?gzip:   0.54 kB[22m
[36m鈩?[39m [2m../node_modules/.cache/nuxt/.nuxt/dist/client/[22m[35m_nuxt/index.CZVuC4ur.css                      [39m[1m[2m    1.98 kB[22m[1m[22m[2m 鈹?gzip:   0.64 kB[22m
[36m鈩?[39m [2m../node_modules/.cache/nuxt/.nuxt/dist/client/[22m[35m_nuxt/watch.DAzNFYQO.css                      [39m[1m[2m    2.03 kB[22m[1m[22m[2m 鈹?gzip:   0.64 kB[22m
[36m鈩?[39m [2m../node_modules/.cache/nuxt/.nuxt/dist/client/[22m[35m_nuxt/el-popper.CtDUZCAw.css                  [39m[1m[2m    2.14 kB[22m[1m[22m[2m 鈹?gzip:   0.52 kB[22m
[36m鈩?[39m [2m../node_modules/.cache/nuxt/.nuxt/dist/client/[22m[35m_nuxt/reply.DibwchiC.css                      [39m[1m[2m    2.16 kB[22m[1m[22m[2m 鈹?gzip:   0.60 kB[22m
[36m鈩?[39m [2m../node_modules/.cache/nuxt/.nuxt/dist/client/[22m[35m_nuxt/PictureCropper.wK-ca9W5.css             [39m[1m[2m    2.25 kB[22m[1m[22m[2m 鈹?gzip:   0.79 kB[22m
[36m鈩?[39m [2m../node_modules/.cache/nuxt/.nuxt/dist/client/[22m[35m_nuxt/comment-manage.uEYZ47cc.css             [39m[1m[2m    2.33 kB[22m[1m[22m[2m 鈹?gzip:   0.56 kB[22m
[36m鈩?[39m [2m../node_modules/.cache/nuxt/.nuxt/dist/client/[22m[35m_nuxt/_id_.DTj5-Cwf.css                       [39m[1m[2m    2.37 kB[22m[1m[22m[2m 鈹?gzip:   0.62 kB[22m
[36m鈩?[39m [2m../node_modules/.cache/nuxt/.nuxt/dist/client/[22m[35m_nuxt/DanmakuList.DP_u7H50.css                [39m[1m[2m    2.46 kB[22m[1m[22m[2m 鈹?gzip:   0.65 kB[22m
[36m鈩?[39m [2m../node_modules/.cache/nuxt/.nuxt/dist/client/[22m[35m_nuxt/el-progress.DL-j3J59.css                [39m[1m[2m    2.51 kB[22m[1m[22m[2m 鈹?gzip:   0.75 kB[22m
[36m鈩?[39m [2m../node_modules/.cache/nuxt/.nuxt/dist/client/[22m[35m_nuxt/_id_.BYocnlRV.css                       [39m[1m[2m    2.60 kB[22m[1m[22m[2m 鈹?gzip:   0.78 kB[22m
[36m鈩?[39m [2m../node_modules/.cache/nuxt/.nuxt/dist/client/[22m[35m_nuxt/playlist-manage.DhpONVez.css            [39m[1m[2m    2.72 kB[22m[1m[22m[2m 鈹?gzip:   0.70 kB[22m
[36m鈩?[39m [2m../node_modules/.cache/nuxt/.nuxt/dist/client/[22m[35m_nuxt/whisper.BJUZJrae.css                    [39m[1m[2m    2.74 kB[22m[1m[22m[2m 鈹?gzip:   0.74 kB[22m
[36m鈩?[39m [2m../node_modules/.cache/nuxt/.nuxt/dist/client/[22m[35m_nuxt/UploadVideoFile.7PwWTFtu.css            [39m[1m[2m    3.17 kB[22m[1m[22m[2m 鈹?gzip:   0.74 kB[22m
[36m鈩?[39m [2m../node_modules/.cache/nuxt/.nuxt/dist/client/[22m[35m_nuxt/el-radio-group.D75yfrT5.css             [39m[1m[2m    3.27 kB[22m[1m[22m[2m 鈹?gzip:   0.78 kB[22m
[36m鈩?[39m [2m../node_modules/.cache/nuxt/.nuxt/dist/client/[22m[35m_nuxt/_id_.SQU3NQFI.css                       [39m[1m[2m    3.29 kB[22m[1m[22m[2m 鈹?gzip:   0.74 kB[22m
[36m鈩?[39m [2m../node_modules/.cache/nuxt/.nuxt/dist/client/[22m[35m_nuxt/article.BGOtnsIu.css                    [39m[1m[2m    3.35 kB[22m[1m[22m[2m 鈹?gzip:   0.85 kB[22m
[36m鈩?[39m [2m../node_modules/.cache/nuxt/.nuxt/dist/client/[22m[35m_nuxt/el-dialog.BWKjeO6a.css                  [39m[1m[2m    3.36 kB[22m[1m[22m[2m 鈹?gzip:   0.95 kB[22m
[36m鈩?[39m [2m../node_modules/.cache/nuxt/.nuxt/dist/client/[22m[35m_nuxt/CollectionList.DpyUs0Wr.css             [39m[1m[2m    3.37 kB[22m[1m[22m[2m 鈹?gzip:   0.89 kB[22m
[36m鈩?[39m [2m../node_modules/.cache/nuxt/.nuxt/dist/client/[22m[35m_nuxt/PGCSeasonPanel.lNS0EwtT.css             [39m[1m[2m    3.43 kB[22m[1m[22m[2m 鈹?gzip:   0.90 kB[22m
[36m鈩?[39m [2m../node_modules/.cache/nuxt/.nuxt/dist/client/[22m[35m_nuxt/playlist-video.yim9Si8G.css             [39m[1m[2m    3.44 kB[22m[1m[22m[2m 鈹?gzip:   0.79 kB[22m
[36m鈩?[39m [2m../node_modules/.cache/nuxt/.nuxt/dist/client/[22m[35m_nuxt/RecommendList.cOQkgT8i.css              [39m[1m[2m    3.46 kB[22m[1m[22m[2m 鈹?gzip:   0.84 kB[22m
[36m鈩?[39m [2m../node_modules/.cache/nuxt/.nuxt/dist/client/[22m[35m_nuxt/article-manage.BKyhK7cQ.css             [39m[1m[2m    3.55 kB[22m[1m[22m[2m 鈹?gzip:   0.85 kB[22m
[36m鈩?[39m [2m../node_modules/.cache/nuxt/.nuxt/dist/client/[22m[35m_nuxt/index.BCvavpDG.css                      [39m[1m[2m    3.60 kB[22m[1m[22m[2m 鈹?gzip:   1.02 kB[22m
[36m鈩?[39m [2m../node_modules/.cache/nuxt/.nuxt/dist/client/[22m[35m_nuxt/space.D33pTbAO.css                      [39m[1m[2m    3.82 kB[22m[1m[22m[2m 鈹?gzip:   0.99 kB[22m
[36m鈩?[39m [2m../node_modules/.cache/nuxt/.nuxt/dist/client/[22m[35m_nuxt/el-switch.Cxd1zZDd.css                  [39m[1m[2m    3.87 kB[22m[1m[22m[2m 鈹?gzip:   0.96 kB[22m
[36m鈩?[39m [2m../node_modules/.cache/nuxt/.nuxt/dist/client/[22m[35m_nuxt/setpassword.CZozlmqC.css                [39m[1m[2m    3.88 kB[22m[1m[22m[2m 鈹?gzip:   0.88 kB[22m
[36m鈩?[39m [2m../node_modules/.cache/nuxt/.nuxt/dist/client/[22m[35m_nuxt/PartList.DDgX_A1z.css                   [39m[1m[2m    3.90 kB[22m[1m[22m[2m 鈹?gzip:   0.93 kB[22m
[36m鈩?[39m [2m../node_modules/.cache/nuxt/.nuxt/dist/client/[22m[35m_nuxt/el-form.DSQFaYD9.css                    [39m[1m[2m    4.07 kB[22m[1m[22m[2m 鈹?gzip:   0.86 kB[22m
[36m鈩?[39m [2m../node_modules/.cache/nuxt/.nuxt/dist/client/[22m[35m_nuxt/VideoCollection.B62GLeEj.css            [39m[1m[2m    4.09 kB[22m[1m[22m[2m 鈹?gzip:   0.95 kB[22m
[36m鈩?[39m [2m../node_modules/.cache/nuxt/.nuxt/dist/client/[22m[35m_nuxt/video-manage.CTl6hLiS.css               [39m[1m[2m    4.29 kB[22m[1m[22m[2m 鈹?gzip:   0.89 kB[22m
[36m鈩?[39m [2m../node_modules/.cache/nuxt/.nuxt/dist/client/[22m[35m_nuxt/list.BpKck6QN.css                       [39m[1m[2m    4.46 kB[22m[1m[22m[2m 鈹?gzip:   1.18 kB[22m
[36m鈩?[39m [2m../node_modules/.cache/nuxt/.nuxt/dist/client/[22m[35m_nuxt/el-message-box.Bce0p-29.css             [39m[1m[2m    4.52 kB[22m[1m[22m[2m 鈹?gzip:   1.14 kB[22m
[36m鈩?[39m [2m../node_modules/.cache/nuxt/.nuxt/dist/client/[22m[35m_nuxt/el-tag.DQ_JGsS_.css                     [39m[1m[2m    5.93 kB[22m[1m[22m[2m 鈹?gzip:   0.89 kB[22m
[36m鈩?[39m [2m../node_modules/.cache/nuxt/.nuxt/dist/client/[22m[35m_nuxt/el-pagination.jGvX0Xgi.css              [39m[1m[2m    6.14 kB[22m[1m[22m[2m 鈹?gzip:   1.12 kB[22m
[36m鈩?[39m [2m../node_modules/.cache/nuxt/.nuxt/dist/client/[22m[35m_nuxt/el-checkbox.Bmnw1Znx.css                [39m[1m[2m    6.45 kB[22m[1m[22m[2m 鈹?gzip:   1.19 kB[22m
[36m鈩?[39m [2m../node_modules/.cache/nuxt/.nuxt/dist/client/[22m[35m_nuxt/_keywords_.Gw_sP_wp.css                 [39m[1m[2m    6.89 kB[22m[1m[22m[2m 鈹?gzip:   1.65 kB[22m
[36m鈩?[39m [2m../node_modules/.cache/nuxt/.nuxt/dist/client/[22m[35m_nuxt/el-dropdown.DtMJfUWx.css                [39m[1m[2m    7.06 kB[22m[1m[22m[2m 鈹?gzip:   1.24 kB[22m
[36m鈩?[39m [2m../node_modules/.cache/nuxt/.nuxt/dist/client/[22m[35m_nuxt/CommentList.ftcjUtzU.css                [39m[1m[2m    7.08 kB[22m[1m[22m[2m 鈹?gzip:   1.24 kB[22m
[36m鈩?[39m [2m../node_modules/.cache/nuxt/.nuxt/dist/client/[22m[35m_nuxt/CommentList.DzsbvWLW.css                [39m[1m[2m    7.22 kB[22m[1m[22m[2m 鈹?gzip:   1.21 kB[22m
[36m鈩?[39m [2m../node_modules/.cache/nuxt/.nuxt/dist/client/[22m[35m_nuxt/index.BDgFdHt3.css                      [39m[1m[2m    7.51 kB[22m[1m[22m[2m 鈹?gzip:   1.54 kB[22m
[36m鈩?[39m [2m../node_modules/.cache/nuxt/.nuxt/dist/client/[22m[35m_nuxt/el-select.B4dtBkNM.css                  [39m[1m[2m    8.99 kB[22m[1m[22m[2m 鈹?gzip:   1.93 kB[22m
[36m鈩?[39m [2m../node_modules/.cache/nuxt/.nuxt/dist/client/[22m[35m_nuxt/el-input.DvvPlY29.css                   [39m[1m[2m   10.21 kB[22m[1m[22m[2m 鈹?gzip:   1.71 kB[22m
[36m鈩?[39m [2m../node_modules/.cache/nuxt/.nuxt/dist/client/[22m[35m_nuxt/el-upload.Cyu7DEiz.css                  [39m[1m[2m   10.67 kB[22m[1m[22m[2m 鈹?gzip:   2.01 kB[22m
[36m鈩?[39m [2m../node_modules/.cache/nuxt/.nuxt/dist/client/[22m[35m_nuxt/watch.DGrW6FZm.css                      [39m[1m[2m   11.29 kB[22m[1m[22m[2m 鈹?gzip:   2.22 kB[22m
[36m鈩?[39m [2m../node_modules/.cache/nuxt/.nuxt/dist/client/[22m[35m_nuxt/style.D4OmdPqt.css                      [39m[1m[2m   14.72 kB[22m[1m[22m[2m 鈹?gzip:   2.83 kB[22m
[36m鈩?[39m [2m../node_modules/.cache/nuxt/.nuxt/dist/client/[22m[35m_nuxt/el-tabs.Qn2KCHfP.css                    [39m[1m[2m   15.06 kB[22m[1m[22m[2m 鈹?gzip:   2.17 kB[22m
[36m鈩?[39m [2m../node_modules/.cache/nuxt/.nuxt/dist/client/[22m[35m_nuxt/el-button.DUfBQx1S.css                  [39m[1m[2m   15.41 kB[22m[1m[22m[2m 鈹?gzip:   1.91 kB[22m
[36m鈩?[39m [2m../node_modules/.cache/nuxt/.nuxt/dist/client/[22m[35m_nuxt/info.DMuTaBrp.css                       [39m[1m[2m   25.43 kB[22m[1m[22m[2m 鈹?gzip:   4.25 kB[22m
[36m鈩?[39m [2m../node_modules/.cache/nuxt/.nuxt/dist/client/[22m[35m_nuxt/entry.DilKy2xN.css                      [39m[1m[2m  333.70 kB[22m[1m[22m[2m 鈹?gzip:  47.36 kB[22m
[36m鈩?[39m [2m../node_modules/.cache/nuxt/.nuxt/dist/client/[22m[36m_nuxt/DCTLXrZ8.js                             [39m[1m[2m    0.05 kB[22m[1m[22m[2m 鈹?gzip:   0.07 kB[22m
[36m鈩?[39m [2m../node_modules/.cache/nuxt/.nuxt/dist/client/[22m[36m_nuxt/D6O0CCv1.js                             [39m[1m[2m    0.07 kB[22m[1m[22m[2m 鈹?gzip:   0.08 kB[22m
[36m鈩?[39m [2m../node_modules/.cache/nuxt/.nuxt/dist/client/[22m[36m_nuxt/BB_Ol6Sd.js                             [39m[1m[2m    0.08 kB[22m[1m[22m[2m 鈹?gzip:   0.09 kB[22m
[36m鈩?[39m [2m../node_modules/.cache/nuxt/.nuxt/dist/client/[22m[36m_nuxt/DYv7PXmr.js                             [39m[1m[2m    0.08 kB[22m[1m[22m[2m 鈹?gzip:   0.10 kB[22m
[36m鈩?[39m [2m../node_modules/.cache/nuxt/.nuxt/dist/client/[22m[36m_nuxt/Dnj8X3EN.js                             [39m[1m[2m    0.09 kB[22m[1m[22m[2m 鈹?gzip:   0.08 kB[22m
[36m鈩?[39m [2m../node_modules/.cache/nuxt/.nuxt/dist/client/[22m[36m_nuxt/BexVYPMF.js                             [39m[1m[2m    0.11 kB[22m[1m[22m[2m 鈹?gzip:   0.12 kB[22m
[36m鈩?[39m [2m../node_modules/.cache/nuxt/.nuxt/dist/client/[22m[36m_nuxt/DG00Gk-n.js                             [39m[1m[2m    0.11 kB[22m[1m[22m[2m 鈹?gzip:   0.12 kB[22m
[36m鈩?[39m [2m../node_modules/.cache/nuxt/.nuxt/dist/client/[22m[36m_nuxt/D1W7_NaY.js                             [39m[1m[2m    0.13 kB[22m[1m[22m[2m 鈹?gzip:   0.14 kB[22m
[36m鈩?[39m [2m../node_modules/.cache/nuxt/.nuxt/dist/client/[22m[36m_nuxt/C7UaQPem.js                             [39m[1m[2m    0.15 kB[22m[1m[22m[2m 鈹?gzip:   0.15 kB[22m
[36m鈩?[39m [2m../node_modules/.cache/nuxt/.nuxt/dist/client/[22m[36m_nuxt/CrDs3sh3.js                             [39m[1m[2m    0.16 kB[22m[1m[22m[2m 鈹?gzip:   0.15 kB[22m
[36m鈩?[39m [2m../node_modules/.cache/nuxt/.nuxt/dist/client/[22m[36m_nuxt/Cu4ZB7zz.js                             [39m[1m[2m    0.16 kB[22m[1m[22m[2m 鈹?gzip:   0.15 kB[22m
[36m鈩?[39m [2m../node_modules/.cache/nuxt/.nuxt/dist/client/[22m[36m_nuxt/Cq9Fpw4b.js                             [39m[1m[2m    0.16 kB[22m[1m[22m[2m 鈹?gzip:   0.14 kB[22m
[36m鈩?[39m [2m../node_modules/.cache/nuxt/.nuxt/dist/client/[22m[36m_nuxt/DzNK4Gzk.js                             [39m[1m[2m    0.17 kB[22m[1m[22m[2m 鈹?gzip:   0.14 kB[22m
[36m鈩?[39m [2m../node_modules/.cache/nuxt/.nuxt/dist/client/[22m[36m_nuxt/BxQinLu4.js                             [39m[1m[2m    0.18 kB[22m[1m[22m[2m 鈹?gzip:   0.15 kB[22m
[36m鈩?[39m [2m../node_modules/.cache/nuxt/.nuxt/dist/client/[22m[36m_nuxt/C2bv3XUc.js                             [39m[1m[2m    0.20 kB[22m[1m[22m[2m 鈹?gzip:   0.16 kB[22m
[36m鈩?[39m [2m../node_modules/.cache/nuxt/.nuxt/dist/client/[22m[36m_nuxt/CAh6kLTP.js                             [39m[1m[2m    0.21 kB[22m[1m[22m[2m 鈹?gzip:   0.21 kB[22m
[36m鈩?[39m [2m../node_modules/.cache/nuxt/.nuxt/dist/client/[22m[36m_nuxt/DcR07ugF.js                             [39m[1m[2m    0.22 kB[22m[1m[22m[2m 鈹?gzip:   0.18 kB[22m
[36m鈩?[39m [2m../node_modules/.cache/nuxt/.nuxt/dist/client/[22m[36m_nuxt/SMk8xCyY.js                             [39m[1m[2m    0.23 kB[22m[1m[22m[2m 鈹?gzip:   0.20 kB[22m
[36m鈩?[39m [2m../node_modules/.cache/nuxt/.nuxt/dist/client/[22m[36m_nuxt/DRyCBFDM.js                             [39m[1m[2m    0.25 kB[22m[1m[22m[2m 鈹?gzip:   0.20 kB[22m
[36m鈩?[39m [2m../node_modules/.cache/nuxt/.nuxt/dist/client/[22m[36m_nuxt/DMIiRueA.js                             [39m[1m[2m    0.30 kB[22m[1m[22m[2m 鈹?gzip:   0.22 kB[22m
[36m鈩?[39m [2m../node_modules/.cache/nuxt/.nuxt/dist/client/[22m[36m_nuxt/DNm2pkMU.js                             [39m[1m[2m    0.31 kB[22m[1m[22m[2m 鈹?gzip:   0.27 kB[22m
[36m鈩?[39m [2m../node_modules/.cache/nuxt/.nuxt/dist/client/[22m[36m_nuxt/UD42BcI_.js                             [39m[1m[2m    0.32 kB[22m[1m[22m[2m 鈹?gzip:   0.27 kB[22m
[36m鈩?[39m [2m../node_modules/.cache/nuxt/.nuxt/dist/client/[22m[36m_nuxt/BN_sEsg_.js                             [39m[1m[2m    0.35 kB[22m[1m[22m[2m 鈹?gzip:   0.23 kB[22m
[36m鈩?[39m [2m../node_modules/.cache/nuxt/.nuxt/dist/client/[22m[36m_nuxt/CkS8AcO-.js                             [39m[1m[2m    0.35 kB[22m[1m[22m[2m 鈹?gzip:   0.26 kB[22m
[36m鈩?[39m [2m../node_modules/.cache/nuxt/.nuxt/dist/client/[22m[36m_nuxt/C9geyszY.js                             [39m[1m[2m    0.36 kB[22m[1m[22m[2m 鈹?gzip:   0.30 kB[22m
[36m鈩?[39m [2m../node_modules/.cache/nuxt/.nuxt/dist/client/[22m[36m_nuxt/CPq1n8Pv.js                             [39m[1m[2m    0.40 kB[22m[1m[22m[2m 鈹?gzip:   0.21 kB[22m
[36m鈩?[39m [2m../node_modules/.cache/nuxt/.nuxt/dist/client/[22m[36m_nuxt/BPQi-pUw.js                             [39m[1m[2m    0.42 kB[22m[1m[22m[2m 鈹?gzip:   0.24 kB[22m
[36m鈩?[39m [2m../node_modules/.cache/nuxt/.nuxt/dist/client/[22m[36m_nuxt/DREZ0ViL.js                             [39m[1m[2m    0.43 kB[22m[1m[22m[2m 鈹?gzip:   0.34 kB[22m
[36m鈩?[39m [2m../node_modules/.cache/nuxt/.nuxt/dist/client/[22m[36m_nuxt/D_pfa_rK.js                             [39m[1m[2m    0.43 kB[22m[1m[22m[2m 鈹?gzip:   0.31 kB[22m
[36m鈩?[39m [2m../node_modules/.cache/nuxt/.nuxt/dist/client/[22m[36m_nuxt/BQnTMuHw.js                             [39m[1m[2m    0.43 kB[22m[1m[22m[2m 鈹?gzip:   0.31 kB[22m
[36m鈩?[39m [2m../node_modules/.cache/nuxt/.nuxt/dist/client/[22m[36m_nuxt/BbsE4TkJ.js                             [39m[1m[2m    0.45 kB[22m[1m[22m[2m 鈹?gzip:   0.23 kB[22m
[36m鈩?[39m [2m../node_modules/.cache/nuxt/.nuxt/dist/client/[22m[36m_nuxt/w_kVLaqO.js                             [39m[1m[2m    0.47 kB[22m[1m[22m[2m 鈹?gzip:   0.33 kB[22m
[36m鈩?[39m [2m../node_modules/.cache/nuxt/.nuxt/dist/client/[22m[36m_nuxt/CGRWfTe_.js                             [39m[1m[2m    0.48 kB[22m[1m[22m[2m 鈹?gzip:   0.27 kB[22m
[36m鈩?[39m [2m../node_modules/.cache/nuxt/.nuxt/dist/client/[22m[36m_nuxt/CpkSoogZ.js                             [39m[1m[2m    0.53 kB[22m[1m[22m[2m 鈹?gzip:   0.33 kB[22m
[36m鈩?[39m [2m../node_modules/.cache/nuxt/.nuxt/dist/client/[22m[36m_nuxt/m6jsTw6q.js                             [39m[1m[2m    0.54 kB[22m[1m[22m[2m 鈹?gzip:   0.40 kB[22m
[36m鈩?[39m [2m../node_modules/.cache/nuxt/.nuxt/dist/client/[22m[36m_nuxt/CD3-0uSt.js                             [39m[1m[2m    0.57 kB[22m[1m[22m[2m 鈹?gzip:   0.38 kB[22m
[36m鈩?[39m [2m../node_modules/.cache/nuxt/.nuxt/dist/client/[22m[36m_nuxt/DrO0q0wy.js                             [39m[1m[2m    0.57 kB[22m[1m[22m[2m 鈹?gzip:   0.38 kB[22m
[36m鈩?[39m [2m../node_modules/.cache/nuxt/.nuxt/dist/client/[22m[36m_nuxt/CQ852qgP.js                             [39m[1m[2m    0.59 kB[22m[1m[22m[2m 鈹?gzip:   0.45 kB[22m
[36m鈩?[39m [2m../node_modules/.cache/nuxt/.nuxt/dist/client/[22m[36m_nuxt/BeqIIM3I.js                             [39m[1m[2m    0.64 kB[22m[1m[22m[2m 鈹?gzip:   0.36 kB[22m
[36m鈩?[39m [2m../node_modules/.cache/nuxt/.nuxt/dist/client/[22m[36m_nuxt/pMIcG3D4.js                             [39m[1m[2m    0.64 kB[22m[1m[22m[2m 鈹?gzip:   0.34 kB[22m
[36m鈩?[39m [2m../node_modules/.cache/nuxt/.nuxt/dist/client/[22m[36m_nuxt/BJXTrJVt.js                             [39m[1m[2m    0.66 kB[22m[1m[22m[2m 鈹?gzip:   0.49 kB[22m
[36m鈩?[39m [2m../node_modules/.cache/nuxt/.nuxt/dist/client/[22m[36m_nuxt/BypDU3A5.js                             [39m[1m[2m    0.70 kB[22m[1m[22m[2m 鈹?gzip:   0.33 kB[22m
[36m鈩?[39m [2m../node_modules/.cache/nuxt/.nuxt/dist/client/[22m[36m_nuxt/F05PUxLB.js                             [39m[1m[2m    0.71 kB[22m[1m[22m[2m 鈹?gzip:   0.42 kB[22m
[36m鈩?[39m [2m../node_modules/.cache/nuxt/.nuxt/dist/client/[22m[36m_nuxt/Bw7Jqd6s.js                             [39m[1m[2m    0.71 kB[22m[1m[22m[2m 鈹?gzip:   0.42 kB[22m
[36m鈩?[39m [2m../node_modules/.cache/nuxt/.nuxt/dist/client/[22m[36m_nuxt/DJwqwtL0.js                             [39m[1m[2m    0.71 kB[22m[1m[22m[2m 鈹?gzip:   0.40 kB[22m
[36m鈩?[39m [2m../node_modules/.cache/nuxt/.nuxt/dist/client/[22m[36m_nuxt/CuxA2Q5S.js                             [39m[1m[2m    0.74 kB[22m[1m[22m[2m 鈹?gzip:   0.50 kB[22m
[36m鈩?[39m [2m../node_modules/.cache/nuxt/.nuxt/dist/client/[22m[36m_nuxt/CvT0Ec9j.js                             [39m[1m[2m    0.75 kB[22m[1m[22m[2m 鈹?gzip:   0.48 kB[22m
[36m鈩?[39m [2m../node_modules/.cache/nuxt/.nuxt/dist/client/[22m[36m_nuxt/CE1G-McA.js                             [39m[1m[2m    0.76 kB[22m[1m[22m[2m 鈹?gzip:   0.40 kB[22m
[36m鈩?[39m [2m../node_modules/.cache/nuxt/.nuxt/dist/client/[22m[36m_nuxt/BTrVWLFM.js                             [39m[1m[2m    0.76 kB[22m[1m[22m[2m 鈹?gzip:   0.45 kB[22m
[36m鈩?[39m [2m../node_modules/.cache/nuxt/.nuxt/dist/client/[22m[36m_nuxt/CxVHua-O.js                             [39m[1m[2m    0.84 kB[22m[1m[22m[2m 鈹?gzip:   0.34 kB[22m
[36m鈩?[39m [2m../node_modules/.cache/nuxt/.nuxt/dist/client/[22m[36m_nuxt/DBKbCVz4.js                             [39m[1m[2m    0.87 kB[22m[1m[22m[2m 鈹?gzip:   0.51 kB[22m
[36m鈩?[39m [2m../node_modules/.cache/nuxt/.nuxt/dist/client/[22m[36m_nuxt/BD5IGqYx.js                             [39m[1m[2m    0.87 kB[22m[1m[22m[2m 鈹?gzip:   0.36 kB[22m
[36m鈩?[39m [2m../node_modules/.cache/nuxt/.nuxt/dist/client/[22m[36m_nuxt/Cp5U2sNA.js                             [39m[1m[2m    0.89 kB[22m[1m[22m[2m 鈹?gzip:   0.50 kB[22m
[36m鈩?[39m [2m../node_modules/.cache/nuxt/.nuxt/dist/client/[22m[36m_nuxt/ls3kBLsO.js                             [39m[1m[2m    0.93 kB[22m[1m[22m[2m 鈹?gzip:   0.46 kB[22m
[36m鈩?[39m [2m../node_modules/.cache/nuxt/.nuxt/dist/client/[22m[36m_nuxt/BujGaK6i.js                             [39m[1m[2m    0.97 kB[22m[1m[22m[2m 鈹?gzip:   0.63 kB[22m
[36m鈩?[39m [2m../node_modules/.cache/nuxt/.nuxt/dist/client/[22m[36m_nuxt/MRmRTaFQ.js                             [39m[1m[2m    1.05 kB[22m[1m[22m[2m 鈹?gzip:   0.62 kB[22m
[36m鈩?[39m [2m../node_modules/.cache/nuxt/.nuxt/dist/client/[22m[36m_nuxt/htP5j9HV.js                             [39m[1m[2m    1.24 kB[22m[1m[22m[2m 鈹?gzip:   0.36 kB[22m
[36m鈩?[39m [2m../node_modules/.cache/nuxt/.nuxt/dist/client/[22m[36m_nuxt/DLzep7qw.js                             [39m[1m[2m    1.34 kB[22m[1m[22m[2m 鈹?gzip:   0.68 kB[22m
[36m鈩?[39m [2m../node_modules/.cache/nuxt/.nuxt/dist/client/[22m[36m_nuxt/CXWmRn-c.js                             [39m[1m[2m    1.47 kB[22m[1m[22m[2m 鈹?gzip:   0.82 kB[22m
[36m鈩?[39m [2m../node_modules/.cache/nuxt/.nuxt/dist/client/[22m[36m_nuxt/PQMfHiW8.js                             [39m[1m[2m    1.53 kB[22m[1m[22m[2m 鈹?gzip:   0.76 kB[22m
[36m鈩?[39m [2m../node_modules/.cache/nuxt/.nuxt/dist/client/[22m[36m_nuxt/FTS7CisR.js                             [39m[1m[2m    1.64 kB[22m[1m[22m[2m 鈹?gzip:   0.86 kB[22m
[36m鈩?[39m [2m../node_modules/.cache/nuxt/.nuxt/dist/client/[22m[36m_nuxt/rcThMV4F.js                             [39m[1m[2m    1.66 kB[22m[1m[22m[2m 鈹?gzip:   0.87 kB[22m
[36m鈩?[39m [2m../node_modules/.cache/nuxt/.nuxt/dist/client/[22m[36m_nuxt/cqwtwToP.js                             [39m[1m[2m    1.67 kB[22m[1m[22m[2m 鈹?gzip:   0.78 kB[22m
[36m鈩?[39m [2m../node_modules/.cache/nuxt/.nuxt/dist/client/[22m[36m_nuxt/htbm5wTz.js                             [39m[1m[2m    1.69 kB[22m[1m[22m[2m 鈹?gzip:   0.93 kB[22m
[36m鈩?[39m [2m../node_modules/.cache/nuxt/.nuxt/dist/client/[22m[36m_nuxt/D2IYXL24.js                             [39m[1m[2m    1.73 kB[22m[1m[22m[2m 鈹?gzip:   0.84 kB[22m
[36m鈩?[39m [2m../node_modules/.cache/nuxt/.nuxt/dist/client/[22m[36m_nuxt/Bq2zikAs.js                             [39m[1m[2m    1.76 kB[22m[1m[22m[2m 鈹?gzip:   0.58 kB[22m
[36m鈩?[39m [2m../node_modules/.cache/nuxt/.nuxt/dist/client/[22m[36m_nuxt/DQdNzV1s.js                             [39m[1m[2m    1.80 kB[22m[1m[22m[2m 鈹?gzip:   0.91 kB[22m
[36m鈩?[39m [2m../node_modules/.cache/nuxt/.nuxt/dist/client/[22m[36m_nuxt/DwCVm2Yq.js                             [39m[1m[2m    1.81 kB[22m[1m[22m[2m 鈹?gzip:   0.95 kB[22m
[36m鈩?[39m [2m../node_modules/.cache/nuxt/.nuxt/dist/client/[22m[36m_nuxt/Cfrgw1BE.js                             [39m[1m[2m    1.83 kB[22m[1m[22m[2m 鈹?gzip:   0.95 kB[22m
[36m鈩?[39m [2m../node_modules/.cache/nuxt/.nuxt/dist/client/[22m[36m_nuxt/CRwNt__T.js                             [39m[1m[2m    1.88 kB[22m[1m[22m[2m 鈹?gzip:   0.94 kB[22m
[36m鈩?[39m [2m../node_modules/.cache/nuxt/.nuxt/dist/client/[22m[36m_nuxt/Dgfk05tx.js                             [39m[1m[2m    1.88 kB[22m[1m[22m[2m 鈹?gzip:   0.65 kB[22m
[36m鈩?[39m [2m../node_modules/.cache/nuxt/.nuxt/dist/client/[22m[36m_nuxt/DxprnaFn.js                             [39m[1m[2m    1.92 kB[22m[1m[22m[2m 鈹?gzip:   1.04 kB[22m
[36m鈩?[39m [2m../node_modules/.cache/nuxt/.nuxt/dist/client/[22m[36m_nuxt/Bbg-1T7I.js                             [39m[1m[2m    1.94 kB[22m[1m[22m[2m 鈹?gzip:   1.08 kB[22m
[36m鈩?[39m [2m../node_modules/.cache/nuxt/.nuxt/dist/client/[22m[36m_nuxt/DK9PV26G.js                             [39m[1m[2m    1.96 kB[22m[1m[22m[2m 鈹?gzip:   0.99 kB[22m
[36m鈩?[39m [2m../node_modules/.cache/nuxt/.nuxt/dist/client/[22m[36m_nuxt/BtwgSrRV.js                             [39m[1m[2m    1.97 kB[22m[1m[22m[2m 鈹?gzip:   1.08 kB[22m
[36m鈩?[39m [2m../node_modules/.cache/nuxt/.nuxt/dist/client/[22m[36m_nuxt/C3MRbUim.js                             [39m[1m[2m    1.98 kB[22m[1m[22m[2m 鈹?gzip:   1.22 kB[22m
[36m鈩?[39m [2m../node_modules/.cache/nuxt/.nuxt/dist/client/[22m[36m_nuxt/BfdUUiR8.js                             [39m[1m[2m    2.02 kB[22m[1m[22m[2m 鈹?gzip:   1.10 kB[22m
[36m鈩?[39m [2m../node_modules/.cache/nuxt/.nuxt/dist/client/[22m[36m_nuxt/D8eknMap.js                             [39m[1m[2m    2.04 kB[22m[1m[22m[2m 鈹?gzip:   1.17 kB[22m
[36m鈩?[39m [2m../node_modules/.cache/nuxt/.nuxt/dist/client/[22m[36m_nuxt/0_WwA-pU.js                             [39m[1m[2m    2.09 kB[22m[1m[22m[2m 鈹?gzip:   1.00 kB[22m
[36m鈩?[39m [2m../node_modules/.cache/nuxt/.nuxt/dist/client/[22m[36m_nuxt/BRGuuUvU.js                             [39m[1m[2m    2.12 kB[22m[1m[22m[2m 鈹?gzip:   1.01 kB[22m
[36m鈩?[39m [2m../node_modules/.cache/nuxt/.nuxt/dist/client/[22m[36m_nuxt/DhckDkg3.js                             [39m[1m[2m    2.19 kB[22m[1m[22m[2m 鈹?gzip:   1.09 kB[22m
[36m鈩?[39m [2m../node_modules/.cache/nuxt/.nuxt/dist/client/[22m[36m_nuxt/w7njMz2J.js                             [39m[1m[2m    2.33 kB[22m[1m[22m[2m 鈹?gzip:   1.22 kB[22m
[36m鈩?[39m [2m../node_modules/.cache/nuxt/.nuxt/dist/client/[22m[36m_nuxt/Dif0g5KG.js                             [39m[1m[2m    2.34 kB[22m[1m[22m[2m 鈹?gzip:   1.29 kB[22m
[36m鈩?[39m [2m../node_modules/.cache/nuxt/.nuxt/dist/client/[22m[36m_nuxt/Dv9ud_VH.js                             [39m[1m[2m    2.39 kB[22m[1m[22m[2m 鈹?gzip:   1.10 kB[22m
[36m鈩?[39m [2m../node_modules/.cache/nuxt/.nuxt/dist/client/[22m[36m_nuxt/Dy9-k_YJ.js                             [39m[1m[2m    2.46 kB[22m[1m[22m[2m 鈹?gzip:   1.31 kB[22m
[36m鈩?[39m [2m../node_modules/.cache/nuxt/.nuxt/dist/client/[22m[36m_nuxt/4vgIGhfJ.js                             [39m[1m[2m    2.49 kB[22m[1m[22m[2m 鈹?gzip:   1.32 kB[22m
[36m鈩?[39m [2m../node_modules/.cache/nuxt/.nuxt/dist/client/[22m[36m_nuxt/CggUWrvX.js                             [39m[1m[2m    2.67 kB[22m[1m[22m[2m 鈹?gzip:   1.25 kB[22m
[36m鈩?[39m [2m../node_modules/.cache/nuxt/.nuxt/dist/client/[22m[36m_nuxt/BvhmsZXN.js                             [39m[1m[2m    2.82 kB[22m[1m[22m[2m 鈹?gzip:   1.26 kB[22m
[36m鈩?[39m [2m../node_modules/.cache/nuxt/.nuxt/dist/client/[22m[36m_nuxt/CnNO9b4I.js                             [39m[1m[2m    2.87 kB[22m[1m[22m[2m 鈹?gzip:   1.36 kB[22m
[36m鈩?[39m [2m../node_modules/.cache/nuxt/.nuxt/dist/client/[22m[36m_nuxt/DZIGA5aK.js                             [39m[1m[2m    2.94 kB[22m[1m[22m[2m 鈹?gzip:   1.44 kB[22m
[36m鈩?[39m [2m../node_modules/.cache/nuxt/.nuxt/dist/client/[22m[36m_nuxt/AisIaBoo.js                             [39m[1m[2m    2.97 kB[22m[1m[22m[2m 鈹?gzip:   1.44 kB[22m
[36m鈩?[39m [2m../node_modules/.cache/nuxt/.nuxt/dist/client/[22m[36m_nuxt/-XXoD59h.js                             [39m[1m[2m    2.98 kB[22m[1m[22m[2m 鈹?gzip:   1.56 kB[22m
[36m鈩?[39m [2m../node_modules/.cache/nuxt/.nuxt/dist/client/[22m[36m_nuxt/CortaJO6.js                             [39m[1m[2m    3.02 kB[22m[1m[22m[2m 鈹?gzip:   1.64 kB[22m
[36m鈩?[39m [2m../node_modules/.cache/nuxt/.nuxt/dist/client/[22m[36m_nuxt/CwPzYgO1.js                             [39m[1m[2m    3.28 kB[22m[1m[22m[2m 鈹?gzip:   1.47 kB[22m
[36m鈩?[39m [2m../node_modules/.cache/nuxt/.nuxt/dist/client/[22m[36m_nuxt/XwY_VUbi.js                             [39m[1m[2m    3.29 kB[22m[1m[22m[2m 鈹?gzip:   1.64 kB[22m
[36m鈩?[39m [2m../node_modules/.cache/nuxt/.nuxt/dist/client/[22m[36m_nuxt/B_enxkDC.js                             [39m[1m[2m    3.36 kB[22m[1m[22m[2m 鈹?gzip:   1.55 kB[22m
[36m鈩?[39m [2m../node_modules/.cache/nuxt/.nuxt/dist/client/[22m[36m_nuxt/BU-kolUb.js                             [39m[1m[2m    3.40 kB[22m[1m[22m[2m 鈹?gzip:   1.68 kB[22m
[36m鈩?[39m [2m../node_modules/.cache/nuxt/.nuxt/dist/client/[22m[36m_nuxt/_dP_ErgI.js                             [39m[1m[2m    3.85 kB[22m[1m[22m[2m 鈹?gzip:   1.79 kB[22m
[36m鈩?[39m [2m../node_modules/.cache/nuxt/.nuxt/dist/client/[22m[36m_nuxt/DZ2N3kwq.js                             [39m[1m[2m    3.86 kB[22m[1m[22m[2m 鈹?gzip:   1.78 kB[22m
[36m鈩?[39m [2m../node_modules/.cache/nuxt/.nuxt/dist/client/[22m[36m_nuxt/CUHdjbFw.js                             [39m[1m[2m    4.00 kB[22m[1m[22m[2m 鈹?gzip:   1.74 kB[22m
[36m鈩?[39m [2m../node_modules/.cache/nuxt/.nuxt/dist/client/[22m[36m_nuxt/Dx38gHWH.js                             [39m[1m[2m    4.01 kB[22m[1m[22m[2m 鈹?gzip:   1.71 kB[22m
[36m鈩?[39m [2m../node_modules/.cache/nuxt/.nuxt/dist/client/[22m[36m_nuxt/D2utIi_1.js                             [39m[1m[2m    4.28 kB[22m[1m[22m[2m 鈹?gzip:   1.80 kB[22m
[36m鈩?[39m [2m../node_modules/.cache/nuxt/.nuxt/dist/client/[22m[36m_nuxt/CLAHvu5B.js                             [39m[1m[2m    4.32 kB[22m[1m[22m[2m 鈹?gzip:   1.80 kB[22m
[36m鈩?[39m [2m../node_modules/.cache/nuxt/.nuxt/dist/client/[22m[36m_nuxt/CV6Yy2lD.js                             [39m[1m[2m    4.44 kB[22m[1m[22m[2m 鈹?gzip:   2.00 kB[22m
[36m鈩?[39m [2m../node_modules/.cache/nuxt/.nuxt/dist/client/[22m[36m_nuxt/Bq-h6xju.js                             [39m[1m[2m    4.67 kB[22m[1m[22m[2m 鈹?gzip:   2.18 kB[22m
[36m鈩?[39m [2m../node_modules/.cache/nuxt/.nuxt/dist/client/[22m[36m_nuxt/DmF-2CCi.js                             [39m[1m[2m    4.71 kB[22m[1m[22m[2m 鈹?gzip:   1.90 kB[22m
[36m鈩?[39m [2m../node_modules/.cache/nuxt/.nuxt/dist/client/[22m[36m_nuxt/XnQ2Ape3.js                             [39m[1m[2m    4.89 kB[22m[1m[22m[2m 鈹?gzip:   2.25 kB[22m
[36m鈩?[39m [2m../node_modules/.cache/nuxt/.nuxt/dist/client/[22m[36m_nuxt/BekaxRY6.js                             [39m[1m[2m    5.01 kB[22m[1m[22m[2m 鈹?gzip:   1.86 kB[22m
[36m鈩?[39m [2m../node_modules/.cache/nuxt/.nuxt/dist/client/[22m[36m_nuxt/BH5nPzJR.js                             [39m[1m[2m    5.03 kB[22m[1m[22m[2m 鈹?gzip:   2.03 kB[22m
[36m鈩?[39m [2m../node_modules/.cache/nuxt/.nuxt/dist/client/[22m[36m_nuxt/BZ_O4-0E.js                             [39m[1m[2m    5.12 kB[22m[1m[22m[2m 鈹?gzip:   2.29 kB[22m
[36m鈩?[39m [2m../node_modules/.cache/nuxt/.nuxt/dist/client/[22m[36m_nuxt/CFCkAcbq.js                             [39m[1m[2m    5.20 kB[22m[1m[22m[2m 鈹?gzip:   2.16 kB[22m
[36m鈩?[39m [2m../node_modules/.cache/nuxt/.nuxt/dist/client/[22m[36m_nuxt/RLM02OQP.js                             [39m[1m[2m    5.27 kB[22m[1m[22m[2m 鈹?gzip:   2.42 kB[22m
[36m鈩?[39m [2m../node_modules/.cache/nuxt/.nuxt/dist/client/[22m[36m_nuxt/BNs01eEx.js                             [39m[1m[2m    5.30 kB[22m[1m[22m[2m 鈹?gzip:   2.31 kB[22m
[36m鈩?[39m [2m../node_modules/.cache/nuxt/.nuxt/dist/client/[22m[36m_nuxt/DXp1c5MP.js                             [39m[1m[2m    5.69 kB[22m[1m[22m[2m 鈹?gzip:   2.14 kB[22m
[36m鈩?[39m [2m../node_modules/.cache/nuxt/.nuxt/dist/client/[22m[36m_nuxt/DD7hZZX9.js                             [39m[1m[2m    5.90 kB[22m[1m[22m[2m 鈹?gzip:   1.91 kB[22m
[36m鈩?[39m [2m../node_modules/.cache/nuxt/.nuxt/dist/client/[22m[36m_nuxt/ClSU5B-_.js                             [39m[1m[2m    6.34 kB[22m[1m[22m[2m 鈹?gzip:   2.55 kB[22m
[36m鈩?[39m [2m../node_modules/.cache/nuxt/.nuxt/dist/client/[22m[36m_nuxt/-RaTBQq2.js                             [39m[1m[2m    6.64 kB[22m[1m[22m[2m 鈹?gzip:   3.08 kB[22m
[36m鈩?[39m [2m../node_modules/.cache/nuxt/.nuxt/dist/client/[22m[36m_nuxt/Bz3kaP2P.js                             [39m[1m[2m    7.02 kB[22m[1m[22m[2m 鈹?gzip:   2.81 kB[22m
[36m鈩?[39m [2m../node_modules/.cache/nuxt/.nuxt/dist/client/[22m[36m_nuxt/zXusmWBZ.js                             [39m[1m[2m    7.48 kB[22m[1m[22m[2m 鈹?gzip:   2.95 kB[22m
[36m鈩?[39m [2m../node_modules/.cache/nuxt/.nuxt/dist/client/[22m[36m_nuxt/DKBgTqrq.js                             [39m[1m[2m    7.53 kB[22m[1m[22m[2m 鈹?gzip:   3.08 kB[22m
[36m鈩?[39m [2m../node_modules/.cache/nuxt/.nuxt/dist/client/[22m[36m_nuxt/DEzwMcWc.js                             [39m[1m[2m    7.62 kB[22m[1m[22m[2m 鈹?gzip:   2.68 kB[22m
[36m鈩?[39m [2m../node_modules/.cache/nuxt/.nuxt/dist/client/[22m[36m_nuxt/Dl2_fopl.js                             [39m[1m[2m    7.79 kB[22m[1m[22m[2m 鈹?gzip:   3.42 kB[22m
[36m鈩?[39m [2m../node_modules/.cache/nuxt/.nuxt/dist/client/[22m[36m_nuxt/DT4rs0cD.js                             [39m[1m[2m    8.65 kB[22m[1m[22m[2m 鈹?gzip:   3.02 kB[22m
[36m鈩?[39m [2m../node_modules/.cache/nuxt/.nuxt/dist/client/[22m[36m_nuxt/7icFdtYJ.js                             [39m[1m[2m    8.73 kB[22m[1m[22m[2m 鈹?gzip:   3.85 kB[22m
[36m鈩?[39m [2m../node_modules/.cache/nuxt/.nuxt/dist/client/[22m[36m_nuxt/E81qG2vD.js                             [39m[1m[2m    8.77 kB[22m[1m[22m[2m 鈹?gzip:   3.72 kB[22m
[36m鈩?[39m [2m../node_modules/.cache/nuxt/.nuxt/dist/client/[22m[36m_nuxt/DdSO3SpD.js                             [39m[1m[2m    9.40 kB[22m[1m[22m[2m 鈹?gzip:   3.49 kB[22m
[36m鈩?[39m [2m../node_modules/.cache/nuxt/.nuxt/dist/client/[22m[36m_nuxt/CDkfyzNP.js                             [39m[1m[2m   10.12 kB[22m[1m[22m[2m 鈹?gzip:   3.39 kB[22m
[36m鈩?[39m [2m../node_modules/.cache/nuxt/.nuxt/dist/client/[22m[36m_nuxt/B1xJI4ui.js                             [39m[1m[2m   10.44 kB[22m[1m[22m[2m 鈹?gzip:   3.91 kB[22m
[36m鈩?[39m [2m../node_modules/.cache/nuxt/.nuxt/dist/client/[22m[36m_nuxt/pxwQH47e.js                             [39m[1m[2m   10.89 kB[22m[1m[22m[2m 鈹?gzip:   3.76 kB[22m
[36m鈩?[39m [2m../node_modules/.cache/nuxt/.nuxt/dist/client/[22m[36m_nuxt/CQTLlVBm.js                             [39m[1m[2m   11.32 kB[22m[1m[22m[2m 鈹?gzip:   4.35 kB[22m
[36m鈩?[39m [2m../node_modules/.cache/nuxt/.nuxt/dist/client/[22m[36m_nuxt/DmUIOYlr.js                             [39m[1m[2m   11.46 kB[22m[1m[22m[2m 鈹?gzip:   3.93 kB[22m
[36m鈩?[39m [2m../node_modules/.cache/nuxt/.nuxt/dist/client/[22m[36m_nuxt/DXQw8Qv5.js                             [39m[1m[2m   11.81 kB[22m[1m[22m[2m 鈹?gzip:   4.44 kB[22m
[36m鈩?[39m [2m../node_modules/.cache/nuxt/.nuxt/dist/client/[22m[36m_nuxt/wyasQnIu.js                             [39m[1m[2m   11.88 kB[22m[1m[22m[2m 鈹?gzip:   4.51 kB[22m
[36m鈩?[39m [2m../node_modules/.cache/nuxt/.nuxt/dist/client/[22m[36m_nuxt/RlIZhnmL.js                             [39m[1m[2m   12.50 kB[22m[1m[22m[2m 鈹?gzip:   4.40 kB[22m
[36m鈩?[39m [2m../node_modules/.cache/nuxt/.nuxt/dist/client/[22m[36m_nuxt/Co8hO_d-.js                             [39m[1m[2m   12.98 kB[22m[1m[22m[2m 鈹?gzip:   4.79 kB[22m
[36m鈩?[39m [2m../node_modules/.cache/nuxt/.nuxt/dist/client/[22m[36m_nuxt/C7fiLy12.js                             [39m[1m[2m   13.97 kB[22m[1m[22m[2m 鈹?gzip:   4.01 kB[22m
[36m鈩?[39m [2m../node_modules/.cache/nuxt/.nuxt/dist/client/[22m[36m_nuxt/DVMZhhFn.js                             [39m[1m[2m   15.83 kB[22m[1m[22m[2m 鈹?gzip:   5.75 kB[22m
[36m鈩?[39m [2m../node_modules/.cache/nuxt/.nuxt/dist/client/[22m[36m_nuxt/Co9JRvwv.js                             [39m[1m[2m   16.43 kB[22m[1m[22m[2m 鈹?gzip:   5.76 kB[22m
[36m鈩?[39m [2m../node_modules/.cache/nuxt/.nuxt/dist/client/[22m[36m_nuxt/BojFBAJ5.js                             [39m[1m[2m   18.88 kB[22m[1m[22m[2m 鈹?gzip:   6.70 kB[22m
[36m鈩?[39m [2m../node_modules/.cache/nuxt/.nuxt/dist/client/[22m[36m_nuxt/Z8JBpjYm.js                             [39m[1m[2m   21.34 kB[22m[1m[22m[2m 鈹?gzip:   8.44 kB[22m
[36m鈩?[39m [2m../node_modules/.cache/nuxt/.nuxt/dist/client/[22m[36m_nuxt/C7CGryfw.js                             [39m[1m[2m   25.92 kB[22m[1m[22m[2m 鈹?gzip:   9.15 kB[22m
[36m鈩?[39m [2m../node_modules/.cache/nuxt/.nuxt/dist/client/[22m[36m_nuxt/BkeFuItb.js                             [39m[1m[2m   26.51 kB[22m[1m[22m[2m 鈹?gzip:   9.12 kB[22m
[36m鈩?[39m [2m../node_modules/.cache/nuxt/.nuxt/dist/client/[22m[36m_nuxt/CFgsBlzb.js                             [39m[1m[2m   38.85 kB[22m[1m[22m[2m 鈹?gzip:  14.03 kB[22m
[36m鈩?[39m [2m../node_modules/.cache/nuxt/.nuxt/dist/client/[22m[36m_nuxt/B-YVwB4U.js                             [39m[1m[2m   60.64 kB[22m[1m[22m[2m 鈹?gzip:  19.62 kB[22m
[36m鈩?[39m [2m../node_modules/.cache/nuxt/.nuxt/dist/client/[22m[36m_nuxt/Cfa7-VWa.js                             [39m[1m[2m   82.23 kB[22m[1m[22m[2m 鈹?gzip:  26.74 kB[22m
[36m鈩?[39m [2m../node_modules/.cache/nuxt/.nuxt/dist/client/[22m[36m_nuxt/BU914a2j.js                             [39m[1m[2m   88.70 kB[22m[1m[22m[2m 鈹?gzip:  28.35 kB[22m
[36m鈩?[39m [2m../node_modules/.cache/nuxt/.nuxt/dist/client/[22m[36m_nuxt/B7oLx5Gh.js                             [39m[1m[2m  184.92 kB[22m[1m[22m[2m 鈹?gzip:  65.22 kB[22m
[36m鈩?[39m [2m../node_modules/.cache/nuxt/.nuxt/dist/client/[22m[36m_nuxt/1FLcmivA.js                             [39m[1m[2m  224.51 kB[22m[1m[22m[2m 鈹?gzip:  61.12 kB[22m
[36m鈩?[39m [2m../node_modules/.cache/nuxt/.nuxt/dist/client/[22m[36m_nuxt/lQnyf5KP.js                             [39m[1m[2m  308.22 kB[22m[1m[22m[2m 鈹?gzip:  64.79 kB[22m
[36m鈩?[39m [2m../node_modules/.cache/nuxt/.nuxt/dist/client/[22m[36m_nuxt/CMJUqL5e.js                             [39m[1m[33m1,211.61 kB[39m[22m[2m 鈹?gzip: 428.28 kB[22m
[36m鈩?[39m [2m../node_modules/.cache/nuxt/.nuxt/dist/client/[22m[36m_nuxt/DZWQrYqt.js                             [39m[1m[33m1,395.42 kB[39m[22m[2m 鈹?gzip: 432.35 kB[22m

[43m[30m WARN [39m[49m [33m
(!) Some chunks are larger than 500 kB after minification. Consider:
- Using dynamic import() to code-split the application
- Use build.rollupOptions.output.manualChunks to improve chunking: https://rollupjs.org/configuration-options/#output-m
anualchunks
- Adjust chunk size limit for this warning via build.chunkSizeWarningLimit.[39m

[36m鈩?[39m [32m鉁?built in 24.16s[39m
[32m鉁?[39m Client built in 24178ms
[36m鈩?[39m Building server...
[36m鈩?[39m [36mvite v7.3.3 [32mbuilding ssr environment for production...[36m[39m
[36m鈩?[39m transforming...
[36m鈩?[39m [32m鉁?[39m 1426 modules transformed.
[36m鈩?[39m rendering chunks...
[36m鈩?[39m [32m鉁?built in 10.93s[39m
[32m鉁?[39m Server built in 10956ms
[90m[[90mnitro[90m][39m [32m鉁?[39m Generated public [36m.output/public[39m
[90m[[90mnitro[90m][39m [36m鈩?[39m Building Nuxt Nitro server (preset: [36mnode-server[39m, compatibility date: [36m2025-07-15[39m)
(node:10460) [DEP0155] DeprecationWarning: Use of deprecated trailing slash pattern mapping "./" in the "exports" field
 module resolution of the package at E:\web\alnitak\web\web-client\node_modules\@vue\shared\package.json imported from 
E:\web\alnitak\web\web-client\node_modules\@nuxt\nitro-server\dist\runtime\templates\error-500.mjs. Mapping specifiers 
ending in "/" is no longer supported.
(Use `node --trace-deprecation ...` to show where the warning was created)
(node:10460) [DEP0155] DeprecationWarning: Use of deprecated trailing slash pattern mapping "./" in the "exports" field
 module resolution of the package at E:\web\alnitak\web\web-client\node_modules\@vueuse\core\package.json imported from
 E:\web\alnitak\web\web-client\node_modules\.cache\nuxt\.nuxt\dist\server\server.mjs. Mapping specifiers ending in "/" 
is no longer supported.
(node:10460) [DEP0155] DeprecationWarning: Use of deprecated trailing slash pattern mapping "./" in the "exports" field
 module resolution of the package at E:\web\alnitak\web\web-client\node_modules\@popperjs\core\package.json imported fr
om E:\web\alnitak\web\web-client\node_modules\.cache\nuxt\.nuxt\dist\server\_nuxt\CommentList-BzoMIo_C.js. Mapping spec
ifiers ending in "/" is no longer supported.
(node:10460) [DEP0155] DeprecationWarning: Use of deprecated trailing slash pattern mapping "./" in the "exports" field
 module resolution of the package at E:\web\alnitak\web\web-client\node_modules\@vue\reactivity\package.json imported f
rom E:\web\alnitak\web\web-client\node_modules\.cache\nuxt\.nuxt\dist\server\_nuxt\CollectionModal-DnW-zyQF.js. Mapping
 specifiers ending in "/" is no longer supported.
[90m[[90mnitro[90m][39m [32m鉁?[39m Nuxt Nitro server built
[90m  鈹溾攢 .output/server/chunks/_/error-500.mjs (5.09 kB)[39m[90m (2.07 kB gzip)[39m
[90m  鈹溾攢 .output/server/chunks/_/error-500.mjs.map (182 B)[39m[90m (154 B gzip)[39m
[90m  鈹溾攢 .output/server/chunks/_/nitro.mjs (226 kB)[39m[90m (54.7 kB gzip)[39m
[90m  鈹溾攢 .output/server/chunks/_/nitro.mjs.map (3.19 kB)[39m[90m (796 B gzip)[39m
[90m  鈹溾攢 .output/server/chunks/build/_...slug_-B36AobkS.mjs (1.91 kB)[39m[90m (911 B gzip)[39m
[90m  鈹溾攢 .output/server/chunks/build/_...slug_-B36AobkS.mjs.map (207 B)[39m[90m (171 B gzip)[39m
[90m  鈹溾攢 .output/server/chunks/build/_...slug_-styles.DL3xu6oS.mjs (1.12 kB)[39m[90m (448 B gzip)[39m
[90m  鈹溾攢 .output/server/chunks/build/_...slug_-styles.DL3xu6oS.mjs.map (317 B)[39m[90m (188 B gzip)[39m
[90m  鈹溾攢 .output/server/chunks/build/_id_-Bd0RAcCJ.mjs (18 kB)[39m[90m (3.35 kB gzip)[39m
[90m  鈹溾攢 .output/server/chunks/build/_id_-Bd0RAcCJ.mjs.map (203 B)[39m[90m (168 B gzip)[39m
[90m  鈹溾攢 .output/server/chunks/build/_id_-BGxtOi0d.mjs (1.66 kB)[39m[90m (766 B gzip)[39m
[90m  鈹溾攢 .output/server/chunks/build/_id_-BGxtOi0d.mjs.map (183 B)[39m[90m (156 B gzip)[39m
[90m  鈹溾攢 .output/server/chunks/build/_id_-Ca37EsKf.mjs (6.85 kB)[39m[90m (2.07 kB gzip)[39m
[90m  鈹溾攢 .output/server/chunks/build/_id_-Ca37EsKf.mjs.map (226 B)[39m[90m (173 B gzip)[39m
[90m  鈹溾攢 .output/server/chunks/build/_id_-DEwBBidr.mjs (1.65 kB)[39m[90m (760 B gzip)[39m
[90m  鈹溾攢 .output/server/chunks/build/_id_-DEwBBidr.mjs.map (183 B)[39m[90m (155 B gzip)[39m
[90m  鈹溾攢 .output/server/chunks/build/_id_-DhwrSgTL.mjs (6.46 kB)[39m[90m (2.19 kB gzip)[39m
[90m  鈹溾攢 .output/server/chunks/build/_id_-DhwrSgTL.mjs.map (203 B)[39m[90m (167 B gzip)[39m
[90m  鈹溾攢 .output/server/chunks/build/_id_-styles.D8G_KoC8.mjs (248 B)[39m[90m (171 B gzip)[39m
[90m  鈹溾攢 .output/server/chunks/build/_id_-styles.D8G_KoC8.mjs.map (302 B)[39m[90m (187 B gzip)[39m
[90m  鈹溾攢 .output/server/chunks/build/_id_-styles.dDJ-lWsm.mjs (2.85 kB)[39m[90m (914 B gzip)[39m
[90m  鈹溾攢 .output/server/chunks/build/_id_-styles.dDJ-lWsm.mjs.map (302 B)[39m[90m (187 B gzip)[39m
[90m  鈹溾攢 .output/server/chunks/build/_id_-styles.DdXin9bF.mjs (248 B)[39m[90m (171 B gzip)[39m
[90m  鈹溾攢 .output/server/chunks/build/_id_-styles.DdXin9bF.mjs.map (302 B)[39m[90m (186 B gzip)[39m
[90m  鈹溾攢 .output/server/chunks/build/_id_-styles.dPc0pD28.mjs (1.6 kB)[39m[90m (566 B gzip)[39m
[90m  鈹溾攢 .output/server/chunks/build/_id_-styles.dPc0pD28.mjs.map (302 B)[39m[90m (186 B gzip)[39m
[90m  鈹溾攢 .output/server/chunks/build/_id_-styles.LQerpgph.mjs (3.53 kB)[39m[90m (862 B gzip)[39m
[90m  鈹溾攢 .output/server/chunks/build/_id_-styles.LQerpgph.mjs.map (302 B)[39m[90m (185 B gzip)[39m
[90m  鈹溾攢 .output/server/chunks/build/_keywords_-DxJtoKFW.mjs (72.2 kB)[39m[90m (9.41 kB gzip)[39m
[90m  鈹溾攢 .output/server/chunks/build/_keywords_-DxJtoKFW.mjs.map (245 B)[39m[90m (190 B gzip)[39m
[90m  鈹溾攢 .output/server/chunks/build/_keywords_-styles.BheppagQ.mjs (5 kB)[39m[90m (1.28 kB gzip)[39m
[90m  鈹溾攢 .output/server/chunks/build/_keywords_-styles.BheppagQ.mjs.map (320 B)[39m[90m (190 B gzip)[39m
[90m  鈹溾攢 .output/server/chunks/build/_partition_--dBuEd9Z.mjs (3.74 kB)[39m[90m (1.37 kB gzip)[39m
[90m  鈹溾攢 .output/server/chunks/build/_partition_--dBuEd9Z.mjs.map (217 B)[39m[90m (172 B gzip)[39m
[90m  鈹溾攢 .output/server/chunks/build/_partition_-styles.C-QSBNRA.mjs (1.46 kB)[39m[90m (590 B gzip)[39m
[90m  鈹溾攢 .output/server/chunks/build/_partition_-styles.C-QSBNRA.mjs.map (323 B)[39m[90m (194 B gzip)[39m
[90m  鈹溾攢 .output/server/chunks/build/404-C26wop1d.mjs (1.87 kB)[39m[90m (857 B gzip)[39m
[90m  鈹溾攢 .output/server/chunks/build/404-C26wop1d.mjs.map (195 B)[39m[90m (165 B gzip)[39m
[90m  鈹溾攢 .output/server/chunks/build/404-styles.8M8GSyBh.mjs (900 B)[39m[90m (405 B gzip)[39m
[90m  鈹溾攢 .output/server/chunks/build/404-styles.8M8GSyBh.mjs.map (299 B)[39m[90m (188 B gzip)[39m
[90m  鈹溾攢 .output/server/chunks/build/announce-o2eRBUnY.mjs (6.1 kB)[39m[90m (1.89 kB gzip)[39m
[90m  鈹溾攢 .output/server/chunks/build/announce-o2eRBUnY.mjs.map (211 B)[39m[90m (170 B gzip)[39m
[90m  鈹溾攢 .output/server/chunks/build/announce-styles.CHH60S9p.mjs (1.49 kB)[39m[90m (544 B gzip)[39m
[90m  鈹溾攢 .output/server/chunks/build/announce-styles.CHH60S9p.mjs.map (314 B)[39m[90m (190 B gzip)[39m
[90m  鈹溾攢 .output/server/chunks/build/app-styles.W3qci0Jf.mjs (1.72 kB)[39m[90m (817 B gzip)[39m
[90m  鈹溾攢 .output/server/chunks/build/app-styles.W3qci0Jf.mjs.map (299 B)[39m[90m (187 B gzip)[39m
[90m  鈹溾攢 .output/server/chunks/build/ArchiveInfo-BQTyMR7r.mjs (6.04 kB)[39m[90m (1.99 kB gzip)[39m
[90m  鈹溾攢 .output/server/chunks/build/ArchiveInfo-BQTyMR7r.mjs.map (197 B)[39m[90m (165 B gzip)[39m
[90m  鈹溾攢 .output/server/chunks/build/ArchiveInfo-styles.a-sqz38m.mjs (1.1 kB)[39m[90m (544 B gzip)[39m
[90m  鈹溾攢 .output/server/chunks/build/ArchiveInfo-styles.a-sqz38m.mjs.map (323 B)[39m[90m (191 B gzip)[39m
[90m  鈹溾攢 .output/server/chunks/build/ArchiveInfo-styles.CdUuHUXE.mjs (1.78 kB)[39m[90m (670 B gzip)[39m
[90m  鈹溾攢 .output/server/chunks/build/ArchiveInfo-styles.CdUuHUXE.mjs.map (323 B)[39m[90m (195 B gzip)[39m
[90m  鈹溾攢 .output/server/chunks/build/ArchiveInfo-xNCua98_.mjs (16.1 kB)[39m[90m (3.46 kB gzip)[39m
[90m  鈹溾攢 .output/server/chunks/build/ArchiveInfo-xNCua98_.mjs.map (197 B)[39m[90m (163 B gzip)[39m
[90m  鈹溾攢 .output/server/chunks/build/aria-DJRDfGoO.mjs (394 B)[39m[90m (253 B gzip)[39m
[90m  鈹溾攢 .output/server/chunks/build/aria-DJRDfGoO.mjs.map (183 B)[39m[90m (157 B gzip)[39m
[90m  鈹溾攢 .output/server/chunks/build/article-1DJp1q_j.mjs (27 kB)[39m[90m (4.95 kB gzip)[39m
[90m  鈹溾攢 .output/server/chunks/build/article-1DJp1q_j.mjs.map (189 B)[39m[90m (157 B gzip)[39m
[90m  鈹溾攢 .output/server/chunks/build/article-CKBQ3Agm.mjs (1.02 kB)[39m[90m (473 B gzip)[39m
[90m  鈹溾攢 .output/server/chunks/build/article-CKBQ3Agm.mjs.map (203 B)[39m[90m (168 B gzip)[39m
[90m  鈹溾攢 .output/server/chunks/build/article-DTmp1eIS.mjs (1.09 kB)[39m[90m (413 B gzip)[39m
[90m  鈹溾攢 .output/server/chunks/build/article-DTmp1eIS.mjs.map (189 B)[39m[90m (158 B gzip)[39m
[90m  鈹溾攢 .output/server/chunks/build/article-manage-C_5wKojd.mjs (20.9 kB)[39m[90m (3.82 kB gzip)[39m
[90m  鈹溾攢 .output/server/chunks/build/article-manage-C_5wKojd.mjs.map (223 B)[39m[90m (173 B gzip)[39m
[90m  鈹溾攢 .output/server/chunks/build/article-manage-styles.CMnjCVHi.mjs (3.85 kB)[39m[90m (990 B gzip)[39m
[90m  鈹溾攢 .output/server/chunks/build/article-manage-styles.CMnjCVHi.mjs.map (332 B)[39m[90m (194 B gzip)[39m
[90m  鈹溾攢 .output/server/chunks/build/article-styles.BLxr16oN.mjs (1.84 kB)[39m[90m (700 B gzip)[39m
[90m  鈹溾攢 .output/server/chunks/build/article-styles.BLxr16oN.mjs.map (311 B)[39m[90m (188 B gzip)[39m
[90m  鈹溾攢 .output/server/chunks/build/at-QhcNw9O7.mjs (9.56 kB)[39m[90m (2.37 kB gzip)[39m
[90m  鈹溾攢 .output/server/chunks/build/at-QhcNw9O7.mjs.map (199 B)[39m[90m (166 B gzip)[39m
[90m  鈹溾攢 .output/server/chunks/build/at-styles.CfxPEV4f.mjs (1.99 kB)[39m[90m (664 B gzip)[39m
[90m  鈹溾攢 .output/server/chunks/build/at-styles.CfxPEV4f.mjs.map (296 B)[39m[90m (187 B gzip)[39m
[90m  鈹溾攢 .output/server/chunks/build/auth-CzMOrUb5.mjs (947 B)[39m[90m (454 B gzip)[39m
[90m  鈹溾攢 .output/server/chunks/build/auth-CzMOrUb5.mjs.map (183 B)[39m[90m (157 B gzip)[39m
[90m  鈹溾攢 .output/server/chunks/build/AuthorCard-CXh94TtI.mjs (4.74 kB)[39m[90m (1.53 kB gzip)[39m
[90m  鈹溾攢 .output/server/chunks/build/AuthorCard-CXh94TtI.mjs.map (215 B)[39m[90m (175 B gzip)[39m
[90m  鈹溾攢 .output/server/chunks/build/AuthorCard-DtT2wu7y.mjs (4.38 kB)[39m[90m (1.59 kB gzip)[39m
[90m  鈹溾攢 .output/server/chunks/build/AuthorCard-DtT2wu7y.mjs.map (195 B)[39m[90m (163 B gzip)[39m
[90m  鈹溾攢 .output/server/chunks/build/AuthorCard-styles.j1XpIQhN.mjs (1.95 kB)[39m[90m (707 B gzip)[39m
[90m  鈹溾攢 .output/server/chunks/build/AuthorCard-styles.j1XpIQhN.mjs.map (320 B)[39m[90m (193 B gzip)[39m
[90m  鈹溾攢 .output/server/chunks/build/AuthorCard-styles.ZnJmschE.mjs (1.11 kB)[39m[90m (502 B gzip)[39m
[90m  鈹溾攢 .output/server/chunks/build/AuthorCard-styles.ZnJmschE.mjs.map (320 B)[39m[90m (193 B gzip)[39m
[90m  鈹溾攢 .output/server/chunks/build/AvatarCropper-styles.COY1LGpR.mjs (676 B)[39m[90m (346 B gzip)[39m
[90m  鈹溾攢 .output/server/chunks/build/AvatarCropper-styles.COY1LGpR.mjs.map (329 B)[39m[90m (196 B gzip)[39m
[90m  鈹溾攢 .output/server/chunks/build/client.precomputed.mjs (164 kB)[39m[90m (16.4 kB gzip)[39m
[90m  鈹溾攢 .output/server/chunks/build/client.precomputed.mjs.map (188 B)[39m[90m (150 B gzip)[39m
[90m  鈹溾攢 .output/server/chunks/build/collect-QyMLCKnO.mjs (518 B)[39m[90m (260 B gzip)[39m
[90m  鈹溾攢 .output/server/chunks/build/collect-QyMLCKnO.mjs.map (189 B)[39m[90m (158 B gzip)[39m
[90m  鈹溾攢 .output/server/chunks/build/collection-BJ0UQsGX.mjs (10.8 kB)[39m[90m (2.49 kB gzip)[39m
[90m  鈹溾攢 .output/server/chunks/build/collection-BJ0UQsGX.mjs.map (236 B)[39m[90m (180 B gzip)[39m
[90m  鈹溾攢 .output/server/chunks/build/collection-Du1K4DbA.mjs (682 B)[39m[90m (311 B gzip)[39m
[90m  鈹溾攢 .output/server/chunks/build/collection-Du1K4DbA.mjs.map (195 B)[39m[90m (162 B gzip)[39m
[90m  鈹溾攢 .output/server/chunks/build/collection-styles.CBWKzpJi.mjs (1.79 kB)[39m[90m (587 B gzip)[39m
[90m  鈹溾攢 .output/server/chunks/build/collection-styles.CBWKzpJi.mjs.map (320 B)[39m[90m (192 B gzip)[39m
[90m  鈹溾攢 .output/server/chunks/build/CollectionList-DHh3ObPF.mjs (9.82 kB)[39m[90m (2.69 kB gzip)[39m
[90m  鈹溾攢 .output/server/chunks/build/CollectionList-DHh3ObPF.mjs.map (203 B)[39m[90m (164 B gzip)[39m
[90m  鈹溾攢 .output/server/chunks/build/CollectionList-styles.DcVZj2gx.mjs (3.66 kB)[39m[90m (1.02 kB gzip)[39m
[90m  鈹溾攢 .output/server/chunks/build/CollectionList-styles.DcVZj2gx.mjs.map (332 B)[39m[90m (192 B gzip)[39m
[90m  鈹溾攢 .output/server/chunks/build/CollectionModal-DnW-zyQF.mjs (25.3 kB)[39m[90m (4.95 kB gzip)[39m
[90m  鈹溾攢 .output/server/chunks/build/CollectionModal-DnW-zyQF.mjs.map (218 B)[39m[90m (173 B gzip)[39m
[90m  鈹溾攢 .output/server/chunks/build/comment-BNWOlNNy.mjs (1.25 kB)[39m[90m (328 B gzip)[39m
[90m  鈹溾攢 .output/server/chunks/build/comment-BNWOlNNy.mjs.map (189 B)[39m[90m (158 B gzip)[39m
[90m  鈹溾攢 .output/server/chunks/build/comment-manage-rGMPATq5.mjs (13.5 kB)[39m[90m (2.94 kB gzip)[39m
[90m  鈹溾攢 .output/server/chunks/build/comment-manage-rGMPATq5.mjs.map (238 B)[39m[90m (189 B gzip)[39m
[90m  鈹溾攢 .output/server/chunks/build/comment-manage-styles.B6k6JULp.mjs (2.63 kB)[39m[90m (687 B gzip)[39m
[90m  鈹溾攢 .output/server/chunks/build/comment-manage-styles.B6k6JULp.mjs.map (332 B)[39m[90m (195 B gzip)[39m
[90m  鈹溾攢 .output/server/chunks/build/CommentList-BzoMIo_C.mjs (14.1 kB)[39m[90m (3.44 kB gzip)[39m
[90m  鈹溾攢 .output/server/chunks/build/CommentList-BzoMIo_C.mjs.map (238 B)[39m[90m (175 B gzip)[39m
[90m  鈹溾攢 .output/server/chunks/build/CommentList-Dcs_DoV7.mjs (15.8 kB)[39m[90m (3.85 kB gzip)[39m
[90m  鈹溾攢 .output/server/chunks/build/CommentList-Dcs_DoV7.mjs.map (238 B)[39m[90m (175 B gzip)[39m
[90m  鈹溾攢 .output/server/chunks/build/CommentList-styles._jFCPDxQ.mjs (7.36 kB)[39m[90m (1.38 kB gzip)[39m
[90m  鈹溾攢 .output/server/chunks/build/CommentList-styles._jFCPDxQ.mjs.map (323 B)[39m[90m (192 B gzip)[39m
[90m  鈹溾攢 .output/server/chunks/build/CommentList-styles.7MFY1riL.mjs (7.5 kB)[39m[90m (1.35 kB gzip)[39m
[90m  鈹溾攢 .output/server/chunks/build/CommentList-styles.7MFY1riL.mjs.map (323 B)[39m[90m (192 B gzip)[39m
[90m  鈹溾攢 .output/server/chunks/build/constants-hAKFmBbq.mjs (244 B)[39m[90m (158 B gzip)[39m
[90m  鈹溾攢 .output/server/chunks/build/constants-hAKFmBbq.mjs.map (193 B)[39m[90m (161 B gzip)[39m
[90m  鈹溾攢 .output/server/chunks/build/CoverCropper-BRCb6Hoe.mjs (1.85 kB)[39m[90m (863 B gzip)[39m
[90m  鈹溾攢 .output/server/chunks/build/CoverCropper-BRCb6Hoe.mjs.map (199 B)[39m[90m (163 B gzip)[39m
[90m  鈹溾攢 .output/server/chunks/build/CoverCropper-styles.BIOzTuEB.mjs (921 B)[39m[90m (411 B gzip)[39m
[90m  鈹溾攢 .output/server/chunks/build/CoverCropper-styles.BIOzTuEB.mjs.map (326 B)[39m[90m (194 B gzip)[39m
[90m  鈹溾攢 .output/server/chunks/build/CoverUploader-BgpN8ToT.mjs (5.81 kB)[39m[90m (1.99 kB gzip)[39m
[90m  鈹溾攢 .output/server/chunks/build/CoverUploader-BgpN8ToT.mjs.map (215 B)[39m[90m (173 B gzip)[39m
[90m  鈹溾攢 .output/server/chunks/build/CoverUploader-styles.BbBhLPVw.mjs (1.05 kB)[39m[90m (456 B gzip)[39m
[90m  鈹溾攢 .output/server/chunks/build/CoverUploader-styles.BbBhLPVw.mjs.map (329 B)[39m[90m (195 B gzip)[39m
[90m  鈹溾攢 .output/server/chunks/build/danmaku-DGiocrkD.mjs (338 B)[39m[90m (237 B gzip)[39m
[90m  鈹溾攢 .output/server/chunks/build/danmaku-DGiocrkD.mjs.map (189 B)[39m[90m (158 B gzip)[39m
[90m  鈹溾攢 .output/server/chunks/build/DanmakuList-B0kv13FU.mjs (7.19 kB)[39m[90m (2.07 kB gzip)[39m
[90m  鈹溾攢 .output/server/chunks/build/DanmakuList-B0kv13FU.mjs.map (197 B)[39m[90m (162 B gzip)[39m
[90m  鈹溾攢 .output/server/chunks/build/DanmakuList-styles-1.mjs-CQXYoDJU.mjs (469 B)[39m[90m (281 B gzip)[39m
[90m  鈹溾攢 .output/server/chunks/build/DanmakuList-styles-1.mjs-CQXYoDJU.mjs.map (223 B)[39m[90m (173 B gzip)[39m
[90m  鈹溾攢 .output/server/chunks/build/DanmakuList-styles-2.mjs-CXm_h-nD.mjs (2.38 kB)[39m[90m (661 B gzip)[39m
[90m  鈹溾攢 .output/server/chunks/build/DanmakuList-styles-2.mjs-CXm_h-nD.mjs.map (223 B)[39m[90m (170 B gzip)[39m
[90m  鈹溾攢 .output/server/chunks/build/DanmakuList-styles.B4jMGNBi.mjs (335 B)[39m[90m (205 B gzip)[39m
[90m  鈹溾攢 .output/server/chunks/build/DanmakuList-styles.B4jMGNBi.mjs.map (221 B)[39m[90m (170 B gzip)[39m
[90m  鈹溾攢 .output/server/chunks/build/DanmakuList-styles.Bq3j5y_8.mjs (490 B)[39m[90m (234 B gzip)[39m
[90m  鈹溾攢 .output/server/chunks/build/DanmakuList-styles.Bq3j5y_8.mjs.map (231 B)[39m[90m (173 B gzip)[39m
[90m  鈹溾攢 .output/server/chunks/build/DanmakuList-styles.Dfthmwby.mjs (303 B)[39m[90m (193 B gzip)[39m
[90m  鈹溾攢 .output/server/chunks/build/DanmakuList-styles.Dfthmwby.mjs.map (221 B)[39m[90m (167 B gzip)[39m
[90m  鈹溾攢 .output/server/chunks/build/DislikeFillIcon-D7Q6vomD.mjs (16.1 kB)[39m[90m (4.33 kB gzip)[39m
[90m  鈹溾攢 .output/server/chunks/build/DislikeFillIcon-D7Q6vomD.mjs.map (205 B)[39m[90m (165 B gzip)[39m
[90m  鈹溾攢 .output/server/chunks/build/DislikeFillIcon-styles.B03hU7_H.mjs (354 B)[39m[90m (217 B gzip)[39m
[90m  鈹溾攢 .output/server/chunks/build/DislikeFillIcon-styles.B03hU7_H.mjs.map (335 B)[39m[90m (196 B gzip)[39m
[90m  鈹溾攢 .output/server/chunks/build/el-dropdown-item-CsEdaGON.mjs (35.1 kB)[39m[90m (7.67 kB gzip)[39m
[90m  鈹溾攢 .output/server/chunks/build/el-dropdown-item-CsEdaGON.mjs.map (220 B)[39m[90m (172 B gzip)[39m
[90m  鈹溾攢 .output/server/chunks/build/el-message-box-DSyRYcHz.mjs (25.4 kB)[39m[90m (5.92 kB gzip)[39m
[90m  鈹溾攢 .output/server/chunks/build/el-message-box-DSyRYcHz.mjs.map (216 B)[39m[90m (172 B gzip)[39m
[90m  鈹溾攢 .output/server/chunks/build/el-radio-button-BQjkFrCd.mjs (11.2 kB)[39m[90m (2.74 kB gzip)[39m
[90m  鈹溾攢 .output/server/chunks/build/el-radio-button-BQjkFrCd.mjs.map (218 B)[39m[90m (171 B gzip)[39m
[90m  鈹溾攢 .output/server/chunks/build/el-tab-pane-DoFh9_qp.mjs (20.3 kB)[39m[90m (5.22 kB gzip)[39m
[90m  鈹溾攢 .output/server/chunks/build/el-tab-pane-DoFh9_qp.mjs.map (210 B)[39m[90m (168 B gzip)[39m
[90m  鈹溾攢 .output/server/chunks/build/error-styles.CHe2Wpd2.mjs (906 B)[39m[90m (402 B gzip)[39m
[90m  鈹溾攢 .output/server/chunks/build/error-styles.CHe2Wpd2.mjs.map (305 B)[39m[90m (187 B gzip)[39m
[90m  鈹溾攢 .output/server/chunks/build/event-BZTOGHfp.mjs (226 B)[39m[90m (173 B gzip)[39m
[90m  鈹溾攢 .output/server/chunks/build/event-BZTOGHfp.mjs.map (185 B)[39m[90m (159 B gzip)[39m
[90m  鈹溾攢 .output/server/chunks/build/focus-trap-BrEjM9aA.mjs (7.79 kB)[39m[90m (2.15 kB gzip)[39m
[90m  鈹溾攢 .output/server/chunks/build/focus-trap-BrEjM9aA.mjs.map (208 B)[39m[90m (169 B gzip)[39m
[90m  鈹溾攢 .output/server/chunks/build/follower-B2ZQiW5e.mjs (1.68 kB)[39m[90m (750 B gzip)[39m
[90m  鈹溾攢 .output/server/chunks/build/follower-B2ZQiW5e.mjs.map (191 B)[39m[90m (160 B gzip)[39m
[90m  鈹溾攢 .output/server/chunks/build/follower-M8Ojjz1T.mjs (1.72 kB)[39m[90m (753 B gzip)[39m
[90m  鈹溾攢 .output/server/chunks/build/follower-M8Ojjz1T.mjs.map (191 B)[39m[90m (160 B gzip)[39m
[90m  鈹溾攢 .output/server/chunks/build/following-BDLbKmBL.mjs (1.68 kB)[39m[90m (744 B gzip)[39m
[90m  鈹溾攢 .output/server/chunks/build/following-BDLbKmBL.mjs.map (193 B)[39m[90m (161 B gzip)[39m
[90m  鈹溾攢 .output/server/chunks/build/following-CnuIT8pD.mjs (1.73 kB)[39m[90m (745 B gzip)[39m
[90m  鈹溾攢 .output/server/chunks/build/following-CnuIT8pD.mjs.map (193 B)[39m[90m (161 B gzip)[39m
[90m  鈹溾攢 .output/server/chunks/build/format-CtQoEUdE.mjs (1.07 kB)[39m[90m (496 B gzip)[39m
[90m  鈹溾攢 .output/server/chunks/build/format-CtQoEUdE.mjs.map (187 B)[39m[90m (158 B gzip)[39m
[90m  鈹溾攢 .output/server/chunks/build/history-B1pXz6dd.mjs (2.99 kB)[39m[90m (1.05 kB gzip)[39m
[90m  鈹溾攢 .output/server/chunks/build/history-B1pXz6dd.mjs.map (189 B)[39m[90m (159 B gzip)[39m
[90m  鈹溾攢 .output/server/chunks/build/history-styles.biz6BoG6.mjs (605 B)[39m[90m (314 B gzip)[39m
[90m  鈹溾攢 .output/server/chunks/build/history-styles.biz6BoG6.mjs.map (311 B)[39m[90m (190 B gzip)[39m
[90m  鈹溾攢 .output/server/chunks/build/HistoryVideoList-fVlspwbK.mjs (6.63 kB)[39m[90m (1.74 kB gzip)[39m
[90m  鈹溾攢 .output/server/chunks/build/HistoryVideoList-fVlspwbK.mjs.map (227 B)[39m[90m (176 B gzip)[39m
[90m  鈹溾攢 .output/server/chunks/build/HistoryVideoList-styles.DEj2kUKp.mjs (1.93 kB)[39m[90m (660 B gzip)[39m
[90m  鈹溾攢 .output/server/chunks/build/HistoryVideoList-styles.DEj2kUKp.mjs.map (338 B)[39m[90m (197 B gzip)[39m
[90m  鈹溾攢 .output/server/chunks/build/index-7RJ-YEqb.mjs (1.31 kB)[39m[90m (517 B gzip)[39m
[90m  鈹溾攢 .output/server/chunks/build/index-7RJ-YEqb.mjs.map (185 B)[39m[90m (159 B gzip)[39m
[90m  鈹溾攢 .output/server/chunks/build/index-B1FlEc4z.mjs (1.45 kB)[39m[90m (634 B gzip)[39m
[90m  鈹溾攢 .output/server/chunks/build/index-B1FlEc4z.mjs.map (185 B)[39m[90m (157 B gzip)[39m
[90m  鈹溾攢 .output/server/chunks/build/index-B2kQamQs.mjs (27.1 kB)[39m[90m (6.26 kB gzip)[39m
[90m  鈹溾攢 .output/server/chunks/build/index-B2kQamQs.mjs.map (198 B)[39m[90m (163 B gzip)[39m
[90m  鈹溾攢 .output/server/chunks/build/index-BE2TVPaj.mjs (52.7 kB)[39m[90m (11.2 kB gzip)[39m
[90m  鈹溾攢 .output/server/chunks/build/index-BE2TVPaj.mjs.map (198 B)[39m[90m (166 B gzip)[39m
[90m  鈹溾攢 .output/server/chunks/build/index-Bi5IrkDU.mjs (408 B)[39m[90m (277 B gzip)[39m
[90m  鈹溾攢 .output/server/chunks/build/index-Bi5IrkDU.mjs.map (185 B)[39m[90m (158 B gzip)[39m
[90m  鈹溾攢 .output/server/chunks/build/index-Bk8Ca2Bn.mjs (4.48 kB)[39m[90m (1.61 kB gzip)[39m
[90m  鈹溾攢 .output/server/chunks/build/index-Bk8Ca2Bn.mjs.map (205 B)[39m[90m (168 B gzip)[39m
[90m  鈹溾攢 .output/server/chunks/build/index-BkjF72PX.mjs (21.8 kB)[39m[90m (5.38 kB gzip)[39m
[90m  鈹溾攢 .output/server/chunks/build/index-BkjF72PX.mjs.map (198 B)[39m[90m (166 B gzip)[39m
[90m  鈹溾攢 .output/server/chunks/build/index-BPS2Fg88.mjs (31.2 kB)[39m[90m (5.71 kB gzip)[39m
[90m  鈹溾攢 .output/server/chunks/build/index-BPS2Fg88.mjs.map (241 B)[39m[90m (187 B gzip)[39m
[90m  鈹溾攢 .output/server/chunks/build/index-C8haT3Gs.mjs (3.81 kB)[39m[90m (1.39 kB gzip)[39m
[90m  鈹溾攢 .output/server/chunks/build/index-C8haT3Gs.mjs.map (185 B)[39m[90m (157 B gzip)[39m
[90m  鈹溾攢 .output/server/chunks/build/index-CB6YrYNV.mjs (40 kB)[39m[90m (8.87 kB gzip)[39m
[90m  鈹溾攢 .output/server/chunks/build/index-CB6YrYNV.mjs.map (198 B)[39m[90m (165 B gzip)[39m
[90m  鈹溾攢 .output/server/chunks/build/index-CErtgBfQ.mjs (3 kB)[39m[90m (1.2 kB gzip)[39m
[90m  鈹溾攢 .output/server/chunks/build/index-CErtgBfQ.mjs.map (220 B)[39m[90m (178 B gzip)[39m
[90m  鈹溾攢 .output/server/chunks/build/index-CJkswAKL.mjs (4.53 kB)[39m[90m (1.54 kB gzip)[39m
[90m  鈹溾攢 .output/server/chunks/build/index-CJkswAKL.mjs.map (220 B)[39m[90m (178 B gzip)[39m
[90m  鈹溾攢 .output/server/chunks/build/index-Ckk3Env-.mjs (3.79 kB)[39m[90m (1.13 kB gzip)[39m
[90m  鈹溾攢 .output/server/chunks/build/index-Ckk3Env-.mjs.map (205 B)[39m[90m (167 B gzip)[39m
[90m  鈹溾攢 .output/server/chunks/build/index-COxS7Y9O.mjs (9.9 kB)[39m[90m (2.8 kB gzip)[39m
[90m  鈹溾攢 .output/server/chunks/build/index-COxS7Y9O.mjs.map (198 B)[39m[90m (166 B gzip)[39m
[90m  鈹溾攢 .output/server/chunks/build/index-CoZSjc33.mjs (4.05 kB)[39m[90m (1.38 kB gzip)[39m
[90m  鈹溾攢 .output/server/chunks/build/index-CoZSjc33.mjs.map (185 B)[39m[90m (156 B gzip)[39m
[90m  鈹溾攢 .output/server/chunks/build/index-D149K7gz.mjs (21.7 kB)[39m[90m (4.41 kB gzip)[39m
[90m  鈹溾攢 .output/server/chunks/build/index-D149K7gz.mjs.map (198 B)[39m[90m (165 B gzip)[39m
[90m  鈹溾攢 .output/server/chunks/build/index-DaQqjLqE.mjs (11.5 kB)[39m[90m (2.77 kB gzip)[39m
[90m  鈹溾攢 .output/server/chunks/build/index-DaQqjLqE.mjs.map (198 B)[39m[90m (163 B gzip)[39m
[90m  鈹溾攢 .output/server/chunks/build/index-DcS3J-rF.mjs (14.1 kB)[39m[90m (3.61 kB gzip)[39m
[90m  鈹溾攢 .output/server/chunks/build/index-DcS3J-rF.mjs.map (198 B)[39m[90m (164 B gzip)[39m
[90m  鈹溾攢 .output/server/chunks/build/index-DrY-Vc6f.mjs (9.67 kB)[39m[90m (2.62 kB gzip)[39m
[90m  鈹溾攢 .output/server/chunks/build/index-DrY-Vc6f.mjs.map (198 B)[39m[90m (164 B gzip)[39m
[90m  鈹溾攢 .output/server/chunks/build/index-DtI8Tsz7.mjs (2.44 kB)[39m[90m (842 B gzip)[39m
[90m  鈹溾攢 .output/server/chunks/build/index-DtI8Tsz7.mjs.map (185 B)[39m[90m (158 B gzip)[39m
[90m  鈹溾攢 .output/server/chunks/build/index-DvLML3Kg.mjs (26.9 kB)[39m[90m (5.42 kB gzip)[39m
[90m  鈹溾攢 .output/server/chunks/build/index-DvLML3Kg.mjs.map (198 B)[39m[90m (163 B gzip)[39m
[90m  鈹溾攢 .output/server/chunks/build/index-E5bdOMg_.mjs (3.89 kB)[39m[90m (1.24 kB gzip)[39m
[90m  鈹溾攢 .output/server/chunks/build/index-E5bdOMg_.mjs.map (198 B)[39m[90m (164 B gzip)[39m
[90m  鈹溾攢 .output/server/chunks/build/index-styles.5rv2sXol.mjs (910 B)[39m[90m (376 B gzip)[39m
[90m  鈹溾攢 .output/server/chunks/build/index-styles.5rv2sXol.mjs.map (305 B)[39m[90m (187 B gzip)[39m
[90m  鈹溾攢 .output/server/chunks/build/index-styles.Bj44zJcA.mjs (2.03 kB)[39m[90m (532 B gzip)[39m
[90m  鈹溾攢 .output/server/chunks/build/index-styles.Bj44zJcA.mjs.map (305 B)[39m[90m (188 B gzip)[39m
[90m  鈹溾攢 .output/server/chunks/build/index-styles.BMv8aeyI.mjs (5.89 kB)[39m[90m (1.33 kB gzip)[39m
[90m  鈹溾攢 .output/server/chunks/build/index-styles.BMv8aeyI.mjs.map (305 B)[39m[90m (187 B gzip)[39m
[90m  鈹溾攢 .output/server/chunks/build/index-styles.BNc0NyaI.mjs (425 B)[39m[90m (282 B gzip)[39m
[90m  鈹溾攢 .output/server/chunks/build/index-styles.BNc0NyaI.mjs.map (305 B)[39m[90m (188 B gzip)[39m
[90m  鈹溾攢 .output/server/chunks/build/index-styles.Byb8pkEG.mjs (5.75 kB)[39m[90m (1.31 kB gzip)[39m
[90m  鈹溾攢 .output/server/chunks/build/index-styles.Byb8pkEG.mjs.map (305 B)[39m[90m (190 B gzip)[39m
[90m  鈹溾攢 .output/server/chunks/build/index-styles.C0yMrTcw.mjs (1.79 kB)[39m[90m (655 B gzip)[39m
[90m  鈹溾攢 .output/server/chunks/build/index-styles.C0yMrTcw.mjs.map (305 B)[39m[90m (186 B gzip)[39m
[90m  鈹溾攢 .output/server/chunks/build/index-styles.c7E_oEml.mjs (1.24 kB)[39m[90m (535 B gzip)[39m
[90m  鈹溾攢 .output/server/chunks/build/index-styles.c7E_oEml.mjs.map (305 B)[39m[90m (189 B gzip)[39m
[90m  鈹溾攢 .output/server/chunks/build/index-styles.Cl-88hVr.mjs (392 B)[39m[90m (234 B gzip)[39m
[90m  鈹溾攢 .output/server/chunks/build/index-styles.Cl-88hVr.mjs.map (305 B)[39m[90m (188 B gzip)[39m
[90m  鈹溾攢 .output/server/chunks/build/index-styles.DC1M3Tnj.mjs (2.23 kB)[39m[90m (767 B gzip)[39m
[90m  鈹溾攢 .output/server/chunks/build/index-styles.DC1M3Tnj.mjs.map (305 B)[39m[90m (190 B gzip)[39m
[90m  鈹溾攢 .output/server/chunks/build/index-styles.DIOi2uR9.mjs (1.7 kB)[39m[90m (681 B gzip)[39m
[90m  鈹溾攢 .output/server/chunks/build/index-styles.DIOi2uR9.mjs.map (305 B)[39m[90m (188 B gzip)[39m
[90m  鈹溾攢 .output/server/chunks/build/index-styles.DKl_z_WV.mjs (2.03 kB)[39m[90m (754 B gzip)[39m
[90m  鈹溾攢 .output/server/chunks/build/index-styles.DKl_z_WV.mjs.map (305 B)[39m[90m (186 B gzip)[39m
[90m  鈹溾攢 .output/server/chunks/build/index-styles.DoCb1nXB.mjs (914 B)[39m[90m (484 B gzip)[39m
[90m  鈹溾攢 .output/server/chunks/build/index-styles.DoCb1nXB.mjs.map (305 B)[39m[90m (188 B gzip)[39m
[90m  鈹溾攢 .output/server/chunks/build/index-styles.IV-0-fyK.mjs (2.4 kB)[39m[90m (662 B gzip)[39m
[90m  鈹溾攢 .output/server/chunks/build/index-styles.IV-0-fyK.mjs.map (305 B)[39m[90m (188 B gzip)[39m
[90m  鈹溾攢 .output/server/chunks/build/index-styles.U-tpEq9-.mjs (2.12 kB)[39m[90m (704 B gzip)[39m
[90m  鈹溾攢 .output/server/chunks/build/index-styles.U-tpEq9-.mjs.map (305 B)[39m[90m (185 B gzip)[39m
[90m  鈹溾攢 .output/server/chunks/build/index-styles.UVORs3Lr.mjs (1.28 kB)[39m[90m (565 B gzip)[39m
[90m  鈹溾攢 .output/server/chunks/build/index-styles.UVORs3Lr.mjs.map (305 B)[39m[90m (188 B gzip)[39m
[90m  鈹溾攢 .output/server/chunks/build/index-Tn0p5wva.mjs (4.11 kB)[39m[90m (1.3 kB gzip)[39m
[90m  鈹溾攢 .output/server/chunks/build/index-Tn0p5wva.mjs.map (198 B)[39m[90m (163 B gzip)[39m
[90m  鈹溾攢 .output/server/chunks/build/index-tU7hr7Bl.mjs (29.5 kB)[39m[90m (6.47 kB gzip)[39m
[90m  鈹溾攢 .output/server/chunks/build/index-tU7hr7Bl.mjs.map (198 B)[39m[90m (164 B gzip)[39m
[90m  鈹溾攢 .output/server/chunks/build/index-u4pWFBU_.mjs (529 B)[39m[90m (310 B gzip)[39m
[90m  鈹溾攢 .output/server/chunks/build/index-u4pWFBU_.mjs.map (185 B)[39m[90m (158 B gzip)[39m
[90m  鈹溾攢 .output/server/chunks/build/index-UTLHxX0g.mjs (14.7 kB)[39m[90m (4.14 kB gzip)[39m
[90m  鈹溾攢 .output/server/chunks/build/index-UTLHxX0g.mjs.map (198 B)[39m[90m (165 B gzip)[39m
[90m  鈹溾攢 .output/server/chunks/build/info-8bCFbaWn.mjs (176 kB)[39m[90m (29.5 kB gzip)[39m
[90m  鈹溾攢 .output/server/chunks/build/info-8bCFbaWn.mjs.map (212 B)[39m[90m (171 B gzip)[39m
[90m  鈹溾攢 .output/server/chunks/build/info-styles.e6YaKf5E.mjs (1.22 kB)[39m[90m (589 B gzip)[39m
[90m  鈹溾攢 .output/server/chunks/build/info-styles.e6YaKf5E.mjs.map (302 B)[39m[90m (187 B gzip)[39m
[90m  鈹溾攢 .output/server/chunks/build/like-BPv9H_-S.mjs (3.37 kB)[39m[90m (1.33 kB gzip)[39m
[90m  鈹溾攢 .output/server/chunks/build/like-BPv9H_-S.mjs.map (183 B)[39m[90m (158 B gzip)[39m
[90m  鈹溾攢 .output/server/chunks/build/like-Bq4ArWSW.mjs (9.69 kB)[39m[90m (2.41 kB gzip)[39m
[90m  鈹溾攢 .output/server/chunks/build/like-Bq4ArWSW.mjs.map (203 B)[39m[90m (169 B gzip)[39m
[90m  鈹溾攢 .output/server/chunks/build/like-styles.Cn5P4-W3.mjs (2.07 kB)[39m[90m (669 B gzip)[39m
[90m  鈹溾攢 .output/server/chunks/build/like-styles.Cn5P4-W3.mjs.map (302 B)[39m[90m (189 B gzip)[39m
[90m  鈹溾攢 .output/server/chunks/build/LikeFillIcon-styles.wPjlW0tb.mjs (339 B)[39m[90m (210 B gzip)[39m
[90m  鈹溾攢 .output/server/chunks/build/LikeFillIcon-styles.wPjlW0tb.mjs.map (326 B)[39m[90m (195 B gzip)[39m
[90m  鈹溾攢 .output/server/chunks/build/list-BVHiHfZW.mjs (17.1 kB)[39m[90m (4.16 kB gzip)[39m
[90m  鈹溾攢 .output/server/chunks/build/list-BVHiHfZW.mjs.map (233 B)[39m[90m (184 B gzip)[39m
[90m  鈹溾攢 .output/server/chunks/build/list-styles.Be_0HNPg.mjs (3.55 kB)[39m[90m (989 B gzip)[39m
[90m  鈹溾攢 .output/server/chunks/build/list-styles.Be_0HNPg.mjs.map (302 B)[39m[90m (186 B gzip)[39m
[90m  鈹溾攢 .output/server/chunks/build/login-DD6BuuV-.mjs (1.99 kB)[39m[90m (880 B gzip)[39m
[90m  鈹溾攢 .output/server/chunks/build/login-DD6BuuV-.mjs.map (199 B)[39m[90m (167 B gzip)[39m
[90m  鈹溾攢 .output/server/chunks/build/login-styles.D0G-D1wO.mjs (400 B)[39m[90m (274 B gzip)[39m
[90m  鈹溾攢 .output/server/chunks/build/login-styles.D0G-D1wO.mjs.map (305 B)[39m[90m (188 B gzip)[39m
[90m  鈹溾攢 .output/server/chunks/build/LoginForm-styles.LqAsUFOM.mjs (2.36 kB)[39m[90m (769 B gzip)[39m
[90m  鈹溾攢 .output/server/chunks/build/LoginForm-styles.LqAsUFOM.mjs.map (317 B)[39m[90m (193 B gzip)[39m
[90m  鈹溾攢 .output/server/chunks/build/manuscript-CWjvnUYr.mjs (6.28 kB)[39m[90m (1.95 kB gzip)[39m
[90m  鈹溾攢 .output/server/chunks/build/manuscript-CWjvnUYr.mjs.map (215 B)[39m[90m (171 B gzip)[39m
[90m  鈹溾攢 .output/server/chunks/build/manuscript-DZ_Ewk0x.mjs (4.99 kB)[39m[90m (1.59 kB gzip)[39m
[90m  鈹溾攢 .output/server/chunks/build/manuscript-DZ_Ewk0x.mjs.map (215 B)[39m[90m (172 B gzip)[39m
[90m  鈹溾攢 .output/server/chunks/build/manuscript-styles.CDhkGLdJ.mjs (1.9 kB)[39m[90m (657 B gzip)[39m
[90m  鈹溾攢 .output/server/chunks/build/manuscript-styles.CDhkGLdJ.mjs.map (320 B)[39m[90m (192 B gzip)[39m
[90m  鈹溾攢 .output/server/chunks/build/manuscript-styles.JcgI7856.mjs (1.74 kB)[39m[90m (632 B gzip)[39m
[90m  鈹溾攢 .output/server/chunks/build/manuscript-styles.JcgI7856.mjs.map (320 B)[39m[90m (191 B gzip)[39m
[90m  鈹溾攢 .output/server/chunks/build/message-CQTN5iLX.mjs (3.42 kB)[39m[90m (1.3 kB gzip)[39m
[90m  鈹溾攢 .output/server/chunks/build/message-CQTN5iLX.mjs.map (247 B)[39m[90m (187 B gzip)[39m
[90m  鈹溾攢 .output/server/chunks/build/message-styles.Lvn3kLMd.mjs (1.52 kB)[39m[90m (578 B gzip)[39m
[90m  鈹溾攢 .output/server/chunks/build/message-styles.Lvn3kLMd.mjs.map (311 B)[39m[90m (188 B gzip)[39m
[90m  鈹溾攢 .output/server/chunks/build/partition-BXQ9RbVZ.mjs (461 B)[39m[90m (280 B gzip)[39m
[90m  鈹溾攢 .output/server/chunks/build/partition-BXQ9RbVZ.mjs.map (193 B)[39m[90m (162 B gzip)[39m
[90m  鈹溾攢 .output/server/chunks/build/PartitionSelector-DwRKbcTN.mjs (5.12 kB)[39m[90m (1.57 kB gzip)[39m
[90m  鈹溾攢 .output/server/chunks/build/PartitionSelector-DwRKbcTN.mjs.map (209 B)[39m[90m (166 B gzip)[39m
[90m  鈹溾攢 .output/server/chunks/build/PartitionSelector-styles.BSbolXXy.mjs (458 B)[39m[90m (253 B gzip)[39m
[90m  鈹溾攢 .output/server/chunks/build/PartitionSelector-styles.BSbolXXy.mjs.map (341 B)[39m[90m (198 B gzip)[39m
[90m  鈹溾攢 .output/server/chunks/build/PartList-CC1n4fKQ.mjs (11.8 kB)[39m[90m (3.42 kB gzip)[39m
[90m  鈹溾攢 .output/server/chunks/build/PartList-CC1n4fKQ.mjs.map (191 B)[39m[90m (159 B gzip)[39m
[90m  鈹溾攢 .output/server/chunks/build/PartList-styles.DOi8BRhW.mjs (4.16 kB)[39m[90m (1.06 kB gzip)[39m
[90m  鈹溾攢 .output/server/chunks/build/PartList-styles.DOi8BRhW.mjs.map (314 B)[39m[90m (191 B gzip)[39m
[90m  鈹溾攢 .output/server/chunks/build/pgc-BUQTGn9L.mjs (1.31 kB)[39m[90m (562 B gzip)[39m
[90m  鈹溾攢 .output/server/chunks/build/pgc-BUQTGn9L.mjs.map (181 B)[39m[90m (157 B gzip)[39m
[90m  鈹溾攢 .output/server/chunks/build/PGCRecommendList-CQ6U-T1T.mjs (5.96 kB)[39m[90m (1.94 kB gzip)[39m
[90m  鈹溾攢 .output/server/chunks/build/PGCRecommendList-CQ6U-T1T.mjs.map (227 B)[39m[90m (180 B gzip)[39m
[90m  鈹溾攢 .output/server/chunks/build/PGCRecommendList-styles.69ITS2Nm.mjs (1.97 kB)[39m[90m (663 B gzip)[39m
[90m  鈹溾攢 .output/server/chunks/build/PGCRecommendList-styles.69ITS2Nm.mjs.map (338 B)[39m[90m (199 B gzip)[39m
[90m  鈹溾攢 .output/server/chunks/build/PGCSeasonPanel-C6-3gzqR.mjs (14 kB)[39m[90m (3.96 kB gzip)[39m
[90m  鈹溾攢 .output/server/chunks/build/PGCSeasonPanel-C6-3gzqR.mjs.map (203 B)[39m[90m (166 B gzip)[39m
[90m  鈹溾攢 .output/server/chunks/build/PGCSeasonPanel-styles.BakjbQkt.mjs (3.73 kB)[39m[90m (1.03 kB gzip)[39m
[90m  鈹溾攢 .output/server/chunks/build/PGCSeasonPanel-styles.BakjbQkt.mjs.map (332 B)[39m[90m (195 B gzip)[39m
[90m  鈹溾攢 .output/server/chunks/build/PictureCropper-DGgpJj2c.mjs (14 kB)[39m[90m (4.26 kB gzip)[39m
[90m  鈹溾攢 .output/server/chunks/build/PictureCropper-DGgpJj2c.mjs.map (203 B)[39m[90m (163 B gzip)[39m
[90m  鈹溾攢 .output/server/chunks/build/PlayCountIcon-BFFqIqUm.mjs (1.37 kB)[39m[90m (742 B gzip)[39m
[90m  鈹溾攢 .output/server/chunks/build/PlayCountIcon-BFFqIqUm.mjs.map (201 B)[39m[90m (166 B gzip)[39m
[90m  鈹溾攢 .output/server/chunks/build/playlist-5qmV8wdu.mjs (1.01 kB)[39m[90m (341 B gzip)[39m
[90m  鈹溾攢 .output/server/chunks/build/playlist-5qmV8wdu.mjs.map (191 B)[39m[90m (158 B gzip)[39m
[90m  鈹溾攢 .output/server/chunks/build/playlist-edit-styles.DOBcyYgN.mjs (566 B)[39m[90m (323 B gzip)[39m
[90m  鈹溾攢 .output/server/chunks/build/playlist-edit-styles.DOBcyYgN.mjs.map (329 B)[39m[90m (195 B gzip)[39m
[90m  鈹溾攢 .output/server/chunks/build/playlist-edit-utbM3LYj.mjs (14.1 kB)[39m[90m (2.83 kB gzip)[39m
[90m  鈹溾攢 .output/server/chunks/build/playlist-edit-utbM3LYj.mjs.map (201 B)[39m[90m (161 B gzip)[39m
[90m  鈹溾攢 .output/server/chunks/build/playlist-manage-CR-KSq8b.mjs (20.1 kB)[39m[90m (3.48 kB gzip)[39m
[90m  鈹溾攢 .output/server/chunks/build/playlist-manage-CR-KSq8b.mjs.map (225 B)[39m[90m (177 B gzip)[39m
[90m  鈹溾攢 .output/server/chunks/build/playlist-manage-styles.DTmmmq_h.mjs (3.02 kB)[39m[90m (833 B gzip)[39m
[90m  鈹溾攢 .output/server/chunks/build/playlist-manage-styles.DTmmmq_h.mjs.map (335 B)[39m[90m (194 B gzip)[39m
[90m  鈹溾攢 .output/server/chunks/build/playlist-video-BHJqSPFB.mjs (11.2 kB)[39m[90m (2.99 kB gzip)[39m
[90m  鈹溾攢 .output/server/chunks/build/playlist-video-BHJqSPFB.mjs.map (223 B)[39m[90m (178 B gzip)[39m
[90m  鈹溾攢 .output/server/chunks/build/playlist-video-styles.8zFXHQaM.mjs (3.73 kB)[39m[90m (923 B gzip)[39m
[90m  鈹溾攢 .output/server/chunks/build/playlist-video-styles.8zFXHQaM.mjs.map (332 B)[39m[90m (197 B gzip)[39m
[90m  鈹溾攢 .output/server/chunks/build/RecommendList-CCMGJwui.mjs (8.35 kB)[39m[90m (2.51 kB gzip)[39m
[90m  鈹溾攢 .output/server/chunks/build/RecommendList-CCMGJwui.mjs.map (221 B)[39m[90m (175 B gzip)[39m
[90m  鈹溾攢 .output/server/chunks/build/RecommendList-styles.DyMT3C5t.mjs (3.75 kB)[39m[90m (969 B gzip)[39m
[90m  鈹溾攢 .output/server/chunks/build/RecommendList-styles.DyMT3C5t.mjs.map (329 B)[39m[90m (193 B gzip)[39m
[90m  鈹溾攢 .output/server/chunks/build/refs-CJvnaIJj.mjs (307 B)[39m[90m (214 B gzip)[39m
[90m  鈹溾攢 .output/server/chunks/build/refs-CJvnaIJj.mjs.map (183 B)[39m[90m (155 B gzip)[39m
[90m  鈹溾攢 .output/server/chunks/build/RegisterForm-styles.CpN6vZ_k.mjs (2.18 kB)[39m[90m (754 B gzip)[39m
[90m  鈹溾攢 .output/server/chunks/build/RegisterForm-styles.CpN6vZ_k.mjs.map (326 B)[39m[90m (194 B gzip)[39m
[90m  鈹溾攢 .output/server/chunks/build/relation-DWix8mHY.mjs (974 B)[39m[90m (405 B gzip)[39m
[90m  鈹溾攢 .output/server/chunks/build/relation-DWix8mHY.mjs.map (191 B)[39m[90m (159 B gzip)[39m
[90m  鈹溾攢 .output/server/chunks/build/reply-DI5mh-X1.mjs (13 kB)[39m[90m (2.67 kB gzip)[39m
[90m  鈹溾攢 .output/server/chunks/build/reply-DI5mh-X1.mjs.map (205 B)[39m[90m (170 B gzip)[39m
[90m  鈹溾攢 .output/server/chunks/build/reply-styles.DINcZCEX.mjs (2.41 kB)[39m[90m (725 B gzip)[39m
[90m  鈹溾攢 .output/server/chunks/build/reply-styles.DINcZCEX.mjs.map (305 B)[39m[90m (189 B gzip)[39m
[90m  鈹溾攢 .output/server/chunks/build/require-login-qp-RgMpQ.mjs (147 B)[39m[90m (140 B gzip)[39m
[90m  鈹溾攢 .output/server/chunks/build/require-login-qp-RgMpQ.mjs.map (201 B)[39m[90m (161 B gzip)[39m
[90m  鈹溾攢 .output/server/chunks/build/ResourceSubtitleEditor-DQFNCLaL.mjs (16.1 kB)[39m[90m (4.23 kB gzip)[39m
[90m  鈹溾攢 .output/server/chunks/build/ResourceSubtitleEditor-DQFNCLaL.mjs.map (248 B)[39m[90m (183 B gzip)[39m
[90m  鈹溾攢 .output/server/chunks/build/ResourceSubtitleEditor-styles.Di6tvnhv.mjs (1.23 kB)[39m[90m (485 B gzip)[39m
[90m  鈹溾攢 .output/server/chunks/build/ResourceSubtitleEditor-styles.Di6tvnhv.mjs.map (356 B)[39m[90m (198 B gzip)[39m
[90m  鈹溾攢 .output/server/chunks/build/revies-DDzmH1s2.mjs (415 B)[39m[90m (227 B gzip)[39m
[90m  鈹溾攢 .output/server/chunks/build/revies-DDzmH1s2.mjs.map (187 B)[39m[90m (157 B gzip)[39m
[90m  鈹溾攢 .output/server/chunks/build/review-code-DFf1o5Yo.mjs (399 B)[39m[90m (320 B gzip)[39m
[90m  鈹溾攢 .output/server/chunks/build/review-code-DFf1o5Yo.mjs.map (197 B)[39m[90m (161 B gzip)[39m
[90m  鈹溾攢 .output/server/chunks/build/security-DXJqtvUA.mjs (2.2 kB)[39m[90m (916 B gzip)[39m
[90m  鈹溾攢 .output/server/chunks/build/security-DXJqtvUA.mjs.map (211 B)[39m[90m (172 B gzip)[39m
[90m  鈹溾攢 .output/server/chunks/build/security-styles.C73gza6p.mjs (1.13 kB)[39m[90m (436 B gzip)[39m
[90m  鈹溾攢 .output/server/chunks/build/security-styles.C73gza6p.mjs.map (314 B)[39m[90m (189 B gzip)[39m
[90m  鈹溾攢 .output/server/chunks/build/server.mjs (212 kB)[39m[90m (53.5 kB gzip)[39m
[90m  鈹溾攢 .output/server/chunks/build/server.mjs.map (278 B)[39m[90m (176 B gzip)[39m
[90m  鈹溾攢 .output/server/chunks/build/setpassword-7XtRCdMM.mjs (30.4 kB)[39m[90m (5.61 kB gzip)[39m
[90m  鈹溾攢 .output/server/chunks/build/setpassword-7XtRCdMM.mjs.map (226 B)[39m[90m (176 B gzip)[39m
[90m  鈹溾攢 .output/server/chunks/build/setpassword-styles.D_wr9uxw.mjs (551 B)[39m[90m (268 B gzip)[39m
[90m  鈹溾攢 .output/server/chunks/build/setpassword-styles.D_wr9uxw.mjs.map (323 B)[39m[90m (190 B gzip)[39m
[90m  鈹溾攢 .output/server/chunks/build/setting-CKORHh1S.mjs (2.52 kB)[39m[90m (1.07 kB gzip)[39m
[90m  鈹溾攢 .output/server/chunks/build/setting-CKORHh1S.mjs.map (189 B)[39m[90m (160 B gzip)[39m
[90m  鈹溾攢 .output/server/chunks/build/setting-styles.Dczb_uwo.mjs (324 B)[39m[90m (213 B gzip)[39m
[90m  鈹溾攢 .output/server/chunks/build/setting-styles.Dczb_uwo.mjs.map (311 B)[39m[90m (185 B gzip)[39m
[90m  鈹溾攢 .output/server/chunks/build/space-Csoz40Ip.mjs (11.8 kB)[39m[90m (3.32 kB gzip)[39m
[90m  鈹溾攢 .output/server/chunks/build/space-Csoz40Ip.mjs.map (228 B)[39m[90m (173 B gzip)[39m
[90m  鈹溾攢 .output/server/chunks/build/space-styles.DfKqYmrr.mjs (3.44 kB)[39m[90m (1 kB gzip)[39m
[90m  鈹溾攢 .output/server/chunks/build/space-styles.DfKqYmrr.mjs.map (305 B)[39m[90m (187 B gzip)[39m
[90m  鈹溾攢 .output/server/chunks/build/SpaceCoverCropper-styles.Fqpul5Cf.mjs (946 B)[39m[90m (412 B gzip)[39m
[90m  鈹溾攢 .output/server/chunks/build/SpaceCoverCropper-styles.Fqpul5Cf.mjs.map (341 B)[39m[90m (196 B gzip)[39m
[90m  鈹溾攢 .output/server/chunks/build/strings-D1uxkXhq.mjs (320 B)[39m[90m (223 B gzip)[39m
[90m  鈹溾攢 .output/server/chunks/build/strings-D1uxkXhq.mjs.map (189 B)[39m[90m (158 B gzip)[39m
[90m  鈹溾攢 .output/server/chunks/build/styles.mjs (22.4 kB)[39m[90m (3.11 kB gzip)[39m
[90m  鈹溾攢 .output/server/chunks/build/styles.mjs.map (164 B)[39m[90m (142 B gzip)[39m
[90m  鈹溾攢 .output/server/chunks/build/TextEditor-CfLPdK3-.mjs (2.5 kB)[39m[90m (1.06 kB gzip)[39m
[90m  鈹溾攢 .output/server/chunks/build/TextEditor-CfLPdK3-.mjs.map (195 B)[39m[90m (162 B gzip)[39m
[90m  鈹溾攢 .output/server/chunks/build/TextEditor-styles.Dq-TEJUH.mjs (1.23 kB)[39m[90m (341 B gzip)[39m
[90m  鈹溾攢 .output/server/chunks/build/TextEditor-styles.Dq-TEJUH.mjs.map (320 B)[39m[90m (194 B gzip)[39m
[90m  鈹溾攢 .output/server/chunks/build/TextEditor-styles.YOU_hy1z.mjs (14.9 kB)[39m[90m (2.92 kB gzip)[39m
[90m  鈹溾攢 .output/server/chunks/build/TextEditor-styles.YOU_hy1z.mjs.map (320 B)[39m[90m (195 B gzip)[39m
[90m  鈹溾攢 .output/server/chunks/build/upload-BzhqxgXl.mjs (9.47 kB)[39m[90m (2.58 kB gzip)[39m
[90m  鈹溾攢 .output/server/chunks/build/upload-BzhqxgXl.mjs.map (187 B)[39m[90m (157 B gzip)[39m
[90m  鈹溾攢 .output/server/chunks/build/upload-Do5La3Ix.mjs (7.2 kB)[39m[90m (2.29 kB gzip)[39m
[90m  鈹溾攢 .output/server/chunks/build/upload-Do5La3Ix.mjs.map (245 B)[39m[90m (186 B gzip)[39m
[90m  鈹溾攢 .output/server/chunks/build/upload-styles.Bv7Rahk8.mjs (1.61 kB)[39m[90m (584 B gzip)[39m
[90m  鈹溾攢 .output/server/chunks/build/upload-styles.Bv7Rahk8.mjs.map (308 B)[39m[90m (190 B gzip)[39m
[90m  鈹溾攢 .output/server/chunks/build/UploadIcon-DUA-4IQN.mjs (1.91 kB)[39m[90m (936 B gzip)[39m
[90m  鈹溾攢 .output/server/chunks/build/UploadIcon-DUA-4IQN.mjs.map (195 B)[39m[90m (165 B gzip)[39m
[90m  鈹溾攢 .output/server/chunks/build/UploadVideoFile-BeOZotaU.mjs (21.3 kB)[39m[90m (5.01 kB gzip)[39m
[90m  鈹溾攢 .output/server/chunks/build/UploadVideoFile-BeOZotaU.mjs.map (240 B)[39m[90m (188 B gzip)[39m
[90m  鈹溾攢 .output/server/chunks/build/UploadVideoFile-styles.DNGGwd_b.mjs (3.48 kB)[39m[90m (875 B gzip)[39m
[90m  鈹溾攢 .output/server/chunks/build/UploadVideoFile-styles.DNGGwd_b.mjs.map (335 B)[39m[90m (196 B gzip)[39m
[90m  鈹溾攢 .output/server/chunks/build/UploadVideoInfo-C568gVD7.mjs (25.6 kB)[39m[90m (4.24 kB gzip)[39m
[90m  鈹溾攢 .output/server/chunks/build/UploadVideoInfo-C568gVD7.mjs.map (205 B)[39m[90m (167 B gzip)[39m
[90m  鈹溾攢 .output/server/chunks/build/UploadVideoInfo-styles.CPlZWqvt.mjs (1.55 kB)[39m[90m (620 B gzip)[39m
[90m  鈹溾攢 .output/server/chunks/build/UploadVideoInfo-styles.CPlZWqvt.mjs.map (335 B)[39m[90m (197 B gzip)[39m
[90m  鈹溾攢 .output/server/chunks/build/use-dialog-UOBbtios.mjs (5.99 kB)[39m[90m (1.77 kB gzip)[39m
[90m  鈹溾攢 .output/server/chunks/build/use-dialog-UOBbtios.mjs.map (195 B)[39m[90m (160 B gzip)[39m
[90m  鈹溾攢 .output/server/chunks/build/use-form-common-props-BxJGAe6w.mjs (1.34 kB)[39m[90m (535 B gzip)[39m
[90m  鈹溾攢 .output/server/chunks/build/use-form-common-props-BxJGAe6w.mjs.map (217 B)[39m[90m (169 B gzip)[39m
[90m  鈹溾攢 .output/server/chunks/build/use-form-item-B-lIMvqd.mjs (981 B)[39m[90m (434 B gzip)[39m
[90m  鈹溾攢 .output/server/chunks/build/use-form-item-B-lIMvqd.mjs.map (201 B)[39m[90m (161 B gzip)[39m
[90m  鈹溾攢 .output/server/chunks/build/use-video-autonext-follow-CvGOsrd_.mjs (263 B)[39m[90m (193 B gzip)[39m
[90m  鈹溾攢 .output/server/chunks/build/use-video-autonext-follow-CvGOsrd_.mjs.map (225 B)[39m[90m (170 B gzip)[39m
[90m  鈹溾攢 .output/server/chunks/build/validator-BKKm-2d0.mjs (217 B)[39m[90m (174 B gzip)[39m
[90m  鈹溾攢 .output/server/chunks/build/validator-BKKm-2d0.mjs.map (193 B)[39m[90m (159 B gzip)[39m
[90m  鈹溾攢 .output/server/chunks/build/video-count-store-Bt5-QMtE.mjs (340 B)[39m[90m (227 B gzip)[39m
[90m  鈹溾攢 .output/server/chunks/build/video-count-store-Bt5-QMtE.mjs.map (209 B)[39m[90m (165 B gzip)[39m
[90m  鈹溾攢 .output/server/chunks/build/video-D-_hk-Iq.mjs (4.54 kB)[39m[90m (1.65 kB gzip)[39m
[90m  鈹溾攢 .output/server/chunks/build/video-D-_hk-Iq.mjs.map (185 B)[39m[90m (157 B gzip)[39m
[90m  鈹溾攢 .output/server/chunks/build/video-jlgLWIaG.mjs (2.27 kB)[39m[90m (608 B gzip)[39m
[90m  鈹溾攢 .output/server/chunks/build/video-jlgLWIaG.mjs.map (185 B)[39m[90m (156 B gzip)[39m
[90m  鈹溾攢 .output/server/chunks/build/video-manage-Dzxhmasj.mjs (28.4 kB)[39m[90m (5.17 kB gzip)[39m
[90m  鈹溾攢 .output/server/chunks/build/video-manage-Dzxhmasj.mjs.map (240 B)[39m[90m (175 B gzip)[39m
[90m  鈹溾攢 .output/server/chunks/build/video-manage-styles.DkxmYEVW.mjs (4.57 kB)[39m[90m (1.03 kB gzip)[39m
[90m  鈹溾攢 .output/server/chunks/build/video-manage-styles.DkxmYEVW.mjs.map (326 B)[39m[90m (191 B gzip)[39m
[90m  鈹溾攢 .output/server/chunks/build/video-styles.CpT6gGCi.mjs (729 B)[39m[90m (405 B gzip)[39m
[90m  鈹溾攢 .output/server/chunks/build/video-styles.CpT6gGCi.mjs.map (305 B)[39m[90m (188 B gzip)[39m
[90m  鈹溾攢 .output/server/chunks/build/video-tags-DQSbWDxg.mjs (350 B)[39m[90m (233 B gzip)[39m
[90m  鈹溾攢 .output/server/chunks/build/video-tags-DQSbWDxg.mjs.map (195 B)[39m[90m (162 B gzip)[39m
[90m  鈹溾攢 .output/server/chunks/build/VideoCollection-pcPSKWaR.mjs (21.2 kB)[39m[90m (5.1 kB gzip)[39m
[90m  鈹溾攢 .output/server/chunks/build/VideoCollection-pcPSKWaR.mjs.map (205 B)[39m[90m (165 B gzip)[39m
[90m  鈹溾攢 .output/server/chunks/build/VideoCollection-styles.Dn3mJfnW.mjs (4.4 kB)[39m[90m (1.08 kB gzip)[39m
[90m  鈹溾攢 .output/server/chunks/build/VideoCollection-styles.Dn3mJfnW.mjs.map (335 B)[39m[90m (194 B gzip)[39m
[90m  鈹溾攢 .output/server/chunks/build/VideoItem-BfgxT3Sj.mjs (4.6 kB)[39m[90m (1.41 kB gzip)[39m
[90m  鈹溾攢 .output/server/chunks/build/VideoItem-BfgxT3Sj.mjs.map (213 B)[39m[90m (173 B gzip)[39m
[90m  鈹溾攢 .output/server/chunks/build/VideoItem-styles.fvqLEHyr.mjs (1.75 kB)[39m[90m (642 B gzip)[39m
[90m  鈹溾攢 .output/server/chunks/build/VideoItem-styles.fvqLEHyr.mjs.map (317 B)[39m[90m (191 B gzip)[39m
[90m  鈹溾攢 .output/server/chunks/build/VideoUploader-DlvKIVP8.mjs (7.13 kB)[39m[90m (2.24 kB gzip)[39m
[90m  鈹溾攢 .output/server/chunks/build/VideoUploader-DlvKIVP8.mjs.map (236 B)[39m[90m (189 B gzip)[39m
[90m  鈹溾攢 .output/server/chunks/build/VideoUploader-styles.xZBu9Y6U.mjs (836 B)[39m[90m (360 B gzip)[39m
[90m  鈹溾攢 .output/server/chunks/build/VideoUploader-styles.xZBu9Y6U.mjs.map (329 B)[39m[90m (195 B gzip)[39m
[90m  鈹溾攢 .output/server/chunks/build/vnode-GLt1hIGM.mjs (1.64 kB)[39m[90m (600 B gzip)[39m
[90m  鈹溾攢 .output/server/chunks/build/vnode-GLt1hIGM.mjs.map (185 B)[39m[90m (157 B gzip)[39m
[90m  鈹溾攢 .output/server/chunks/build/watch-CTLzD_VI.mjs (5.49 kB)[39m[90m (1.79 kB gzip)[39m
[90m  鈹溾攢 .output/server/chunks/build/watch-CTLzD_VI.mjs.map (220 B)[39m[90m (182 B gzip)[39m
[90m  鈹溾攢 .output/server/chunks/build/watch-DGfG1nDk.mjs (27.2 kB)[39m[90m (7.13 kB gzip)[39m
[90m  鈹溾攢 .output/server/chunks/build/watch-DGfG1nDk.mjs.map (220 B)[39m[90m (181 B gzip)[39m
[90m  鈹溾攢 .output/server/chunks/build/watch-styles.9deFm9pa.mjs (4.5 kB)[39m[90m (1.23 kB gzip)[39m
[90m  鈹溾攢 .output/server/chunks/build/watch-styles.9deFm9pa.mjs.map (305 B)[39m[90m (186 B gzip)[39m
[90m  鈹溾攢 .output/server/chunks/build/watch-styles.CwkLsxI0.mjs (2.21 kB)[39m[90m (747 B gzip)[39m
[90m  鈹溾攢 .output/server/chunks/build/watch-styles.CwkLsxI0.mjs.map (305 B)[39m[90m (190 B gzip)[39m
[90m  鈹溾攢 .output/server/chunks/build/whisper-CSNA_Ikn.mjs (9.43 kB)[39m[90m (2.74 kB gzip)[39m
[90m  鈹溾攢 .output/server/chunks/build/whisper-CSNA_Ikn.mjs.map (189 B)[39m[90m (160 B gzip)[39m
[90m  鈹溾攢 .output/server/chunks/build/whisper-styles.B_Dh4Au-.mjs (3 kB)[39m[90m (871 B gzip)[39m
[90m  鈹溾攢 .output/server/chunks/build/whisper-styles.B_Dh4Au-.mjs.map (311 B)[39m[90m (191 B gzip)[39m
[90m  鈹溾攢 .output/server/chunks/routes/renderer.mjs (16 kB)[39m[90m (5.07 kB gzip)[39m
[90m  鈹溾攢 .output/server/chunks/routes/renderer.mjs.map (845 B)[39m[90m (273 B gzip)[39m
[90m  鈹溾攢 .output/server/chunks/virtual/_virtual_spa-template.mjs (94 B)[39m[90m (100 B gzip)[39m
[90m  鈹溾攢 .output/server/chunks/virtual/_virtual_spa-template.mjs.map (90 B)[39m[90m (98 B gzip)[39m
[90m  鈹溾攢 .output/server/index.mjs (1.67 kB)[39m[90m (737 B gzip)[39m
[90m  鈹斺攢 .output/server/package.json (2.65 kB)[39m[90m (989 B gzip)[39m
[36m危 Total size:[39m 16.9 MB (4.44 MB gzip)
[90m[[90mnitro[90m][39m [32m鉁?[39m You can preview this build using [36mnode .output/server/index.mjs[39m
鈹?鈹? 鉁?Build complete!
